// Jest Snapshot v1, https://jestjs.io/docs/snapshot-testing

exports[`renders as expected 1`] = `
<div>
  <h3
    class="MuiTypography-root MuiTypography-h3 css-ae1vz0-MuiTypography-root"
    style="margin-left: 1rem;"
  >
    Forecast data as of 
    December 1, 2023
  </h3>
  <div
    class="MuiBox-root css-dhqezv"
  >
    <div
      class="MuiBox-root css-1jndf0t"
    >
      <div
        class="MuiBox-root css-1m78t8x"
      />
      <p
        class="MuiTypography-root MuiTypography-body1 css-1hkxiz6-MuiTypography-root"
      >
        SPI DJF
      </p>
      <div
        class="MuiBox-root css-f1zsqn"
      />
    </div>
    <div
      class="MuiBox-root css-12pms27"
    >
      <div
        class="MuiBox-root css-1hroxk7"
        style="background-color: rgb(255, 213, 45);"
      >
        <p
          class="MuiTypography-root MuiTypography-body1 css-7g79ta-MuiTypography-root"
          style="color: black; border: 1px solid black;"
        >
          Moderate
        </p>
      </div>
      <div
        class="MuiBox-root css-1a46w9a"
      >
        <canvas
          height="150"
          width="300"
        />
      </div>
    </div>
    <div
      class="MuiBox-root css-12pms27"
    >
      <div
        class="MuiBox-root css-1hroxk7"
        style="background-color: rgb(255, 252, 179);"
      >
        <p
          class="MuiTypography-root MuiTypography-body1 css-7g79ta-MuiTypography-root"
          style="color: black; border: 1px solid black;"
        >
          Mild
        </p>
      </div>
      <div
        class="MuiBox-root css-1a46w9a"
      >
        <canvas
          height="150"
          width="300"
        />
      </div>
    </div>
  </div>
  <div
    class="MuiBox-root css-9jay18"
  >
    <div
      class="MuiBox-root css-jekkxf"
    >
      <button
        class="MuiButtonBase-root MuiButton-root MuiButton-outlined MuiButton-sizeMedium MuiButton-colorPrimary MuiButton-fullWidth css-1jqm0xi-MuiButtonBase-root-MuiButton-root"
        tabindex="0"
        type="button"
      >
        <span
          class="MuiButton-icon MuiButton-startIcon css-1eozbo-MuiButton-startIcon"
        >
          <svg
            aria-hidden="true"
            class="MuiSvgIcon-root MuiSvgIcon-fontSizeMedium css-1umw9bq-MuiSvgIcon-root"
            data-testid="ReplyIcon"
            focusable="false"
            viewBox="0 0 24 24"
          >
            <path
              d="M10 9V5l-7 7 7 7v-4.1c5 0 8.5 1.6 11 5.1-1-5-4-10-11-11"
            />
          </svg>
        </span>
        <p
          class="MuiTypography-root MuiTypography-body1 css-l0p3u8-MuiTypography-root"
        >
          Back
        </p>
      </button>
      <button
        class="MuiButtonBase-root MuiButton-root MuiButton-outlined MuiButton-sizeMedium MuiButton-colorPrimary MuiButton-fullWidth css-1jqm0xi-MuiButtonBase-root-MuiButton-root"
        tabindex="0"
        type="button"
      >
        <span
          class="MuiButton-icon MuiButton-startIcon css-1eozbo-MuiButton-startIcon"
        >
          <svg
            aria-hidden="true"
            class="MuiSvgIcon-root MuiSvgIcon-fontSizeMedium css-1umw9bq-MuiSvgIcon-root"
            data-testid="ClearAllIcon"
            focusable="false"
            viewBox="0 0 24 24"
          >
            <path
              d="M5 13h14v-2H5zm-2 4h14v-2H3zM7 7v2h14V7z"
            />
          </svg>
        </span>
        <p
          class="MuiTypography-root MuiTypography-body1 css-l0p3u8-MuiTypography-root"
        >
          Timeline
        </p>
      </button>
    </div>
    <div
      class="MuiBox-root css-xggrxg"
    >
      <button
        class="MuiTypography-root MuiTypography-body1 css-1uj4td3-MuiTypography-root"
      >
        How to read this screen
      </button>
    </div>
  </div>
</div>
`;
