// Jest Snapshot v1, https://jestjs.io/docs/snapshot-testing

exports[`renders as expected 1`] = `
<div>
  <h3
    class="MuiTypography-root MuiTypography-h3 css-ae1vz0-MuiTypography-root"
    style="margin-left: 1rem;"
  >
    Forecast data as of 
    December 1, 2023
  </h3>
  <div
    class="makeStyles-charts-2"
  >
    <div
      class="makeStyles-chartsHeader-3"
    >
      <div
        style="min-width: 3rem;"
      />
      <p
        class="MuiTypography-root MuiTypography-body1 makeStyles-label-8 css-l0p3u8-MuiTypography-root"
      >
        SPI DJF
      </p>
      <div
        style="min-width: 10px;"
      />
    </div>
    <div
      class="makeStyles-chartLine-4"
    >
      <div
        class="makeStyles-textWrap-5"
        style="background-color: rgb(255, 213, 45);"
      >
        <p
          class="MuiTypography-root MuiTypography-body1 makeStyles-text-6 css-l0p3u8-MuiTypography-root"
          style="color: black; border: 1px solid black;"
        >
          Moderate
        </p>
      </div>
      <div
        class="makeStyles-chartWrapper-7"
      >
        <canvas
          height="150"
          width="300"
        />
      </div>
    </div>
    <div
      class="makeStyles-chartLine-4"
    >
      <div
        class="makeStyles-textWrap-5"
        style="background-color: rgb(255, 252, 179);"
      >
        <p
          class="MuiTypography-root MuiTypography-body1 makeStyles-text-6 css-l0p3u8-MuiTypography-root"
          style="color: black; border: 1px solid black;"
        >
          Mild
        </p>
      </div>
      <div
        class="makeStyles-chartWrapper-7"
      >
        <canvas
          height="150"
          width="300"
        />
      </div>
    </div>
  </div>
  <div
    class="makeStyles-footerWrapperVert-14"
  >
    <div
      class="makeStyles-footerActionsWrapper-10"
    >
      <button
        class="MuiButtonBase-root MuiButton-root MuiButton-outlined MuiButton-sizeMedium MuiButton-colorPrimary MuiButton-fullWidth makeStyles-footerButton-12 css-nlocxw-MuiButtonBase-root-MuiButton-root"
        tabindex="0"
        type="button"
      >
        <span
          class="MuiButton-icon MuiButton-startIcon css-1eozbo-MuiButton-startIcon"
        >
          <svg
            aria-hidden="true"
            class="MuiSvgIcon-root MuiSvgIcon-fontSizeMedium css-1umw9bq-MuiSvgIcon-root"
            data-testid="ReplyIcon"
            focusable="false"
            viewBox="0 0 24 24"
          >
            <path
              d="M10 9V5l-7 7 7 7v-4.1c5 0 8.5 1.6 11 5.1-1-5-4-10-11-11"
            />
          </svg>
        </span>
        <p
          class="MuiTypography-root MuiTypography-body1 css-l0p3u8-MuiTypography-root"
        >
          Back
        </p>
      </button>
      <button
        class="MuiButtonBase-root MuiButton-root MuiButton-outlined MuiButton-sizeMedium MuiButton-colorPrimary MuiButton-fullWidth makeStyles-footerButton-12 css-nlocxw-MuiButtonBase-root-MuiButton-root"
        tabindex="0"
        type="button"
      >
        <span
          class="MuiButton-icon MuiButton-startIcon css-1eozbo-MuiButton-startIcon"
        >
          <svg
            aria-hidden="true"
            class="MuiSvgIcon-root MuiSvgIcon-fontSizeMedium css-1umw9bq-MuiSvgIcon-root"
            data-testid="ClearAllIcon"
            focusable="false"
            viewBox="0 0 24 24"
          >
            <path
              d="M5 13h14v-2H5zm-2 4h14v-2H3zM7 7v2h14V7z"
            />
          </svg>
        </span>
        <p
          class="MuiTypography-root MuiTypography-body1 css-l0p3u8-MuiTypography-root"
        >
          Timeline
        </p>
      </button>
    </div>
    <div
      class="makeStyles-footerDialogsWrapperVert-15"
    >
      <button
        class="MuiTypography-root MuiTypography-body1 makeStyles-footerDialog-13 css-l0p3u8-MuiTypography-root"
      >
        How to read this screen
      </button>
    </div>
  </div>
</div>
`;
