// Jest Snapshot v1, https://goo.gl/fbAQLP

exports[`renders as expected 1`] = `
<div>
  <div
    class="AlertForm-alertForm-3"
  >
    <mock-button
      classname="AlertForm-alertTriggerButton-2"
      color="primary"
      variant="contained"
    >
      <svg
        aria-hidden="true"
        class="MuiSvgIcon-root MuiSvgIcon-fontSizeSmall"
        focusable="false"
        viewBox="0 0 24 24"
      >
        <path
          d="M12 22c1.1 0 2-.9 2-2h-4c0 1.1.89 2 2 2zm6-6v-5c0-3.07-1.64-5.64-4.5-6.32V4c0-.83-.67-1.5-1.5-1.5s-1.5.67-1.5 1.5v.68C7.63 5.36 6 7.92 6 11v5l-2 2v1h16v-1l-2-2z"
        />
      </svg>
      <mock-typography
        classname="AlertForm-alertLabel-1"
        variant="body2"
      >
        Create Alert
      </mock-typography>
      <mock-arrowdropdown
        fontsize="small"
      />
    </mock-button>
    <div
      class="MuiBox-root MuiBox-root-15 AlertForm-alertFormMenu-4"
    >
      <div
        class="AlertForm-newAlertFormContainer-8"
      >
        <div
          class="AlertForm-alertFormOptions-7"
        >
          <mock-typography
            variant="body2"
          >
            Hazard Layer
          </mock-typography>
          <div
            class="MuiFormControl-root AlertForm-selector-10"
          >
            <mock-textfield
              classes="[object Object]"
              inputlabelprops="[object Object]"
              inputprops="[object Object]"
              select="true"
              variant="outlined"
            >
              <mock-menuitem
                disabled="true"
                value="placeholder"
              >
                Choose hazard layer
              </mock-menuitem>
              <li
                class="MuiListSubheader-root MuiListSubheader-sticky MuiListSubheader-gutters"
              >
                <mock-typography
                  color="primary"
                  variant="body2"
                >
                  INAM Rainfall Data
                </mock-typography>
              </li>
              <mock-menuitem
                value="precip_blended_dekad"
              >
                Blended rainfall aggregate (10-day)
                <mock-tooltip
                  title="raster"
                >
                  <img
                    alt="raster"
                    src="images/icon_raster.svg"
                    style="margin-left: 0.5em; margin-bottom: -2px; height: 1em;"
                  />
                </mock-tooltip>
              </mock-menuitem>
              <mock-menuitem
                value="precip_blended_dekad_anomaly"
              >
                Blended rainfall anomaly (10-day)
                <mock-tooltip
                  title="raster"
                >
                  <img
                    alt="raster"
                    src="images/icon_raster.svg"
                    style="margin-left: 0.5em; margin-bottom: -2px; height: 1em;"
                  />
                </mock-tooltip>
              </mock-menuitem>
              <li
                class="MuiListSubheader-root MuiListSubheader-sticky MuiListSubheader-gutters"
              >
                <mock-typography
                  color="primary"
                  variant="body2"
                >
                  Global Rainfall Products
                </mock-typography>
              </li>
              <mock-menuitem
                value="rainfall_dekad"
              >
                10-day rainfall estimate (mm)
                <mock-tooltip
                  title="raster"
                >
                  <img
                    alt="raster"
                    src="images/icon_raster.svg"
                    style="margin-left: 0.5em; margin-bottom: -2px; height: 1em;"
                  />
                </mock-tooltip>
              </mock-menuitem>
              <mock-menuitem
                value="rainfall_agg_1month"
              >
                1-month rainfall aggregate
                <mock-tooltip
                  title="raster"
                >
                  <img
                    alt="raster"
                    src="images/icon_raster.svg"
                    style="margin-left: 0.5em; margin-bottom: -2px; height: 1em;"
                  />
                </mock-tooltip>
              </mock-menuitem>
              <mock-menuitem
                value="rainfall_agg_3month"
              >
                3-month rainfall aggregate (mm)
                <mock-tooltip
                  title="raster"
                >
                  <img
                    alt="raster"
                    src="images/icon_raster.svg"
                    style="margin-left: 0.5em; margin-bottom: -2px; height: 1em;"
                  />
                </mock-tooltip>
              </mock-menuitem>
              <mock-menuitem
                value="rainfall_agg_6month"
              >
                6-month rainfall aggregate (mm)
                <mock-tooltip
                  title="raster"
                >
                  <img
                    alt="raster"
                    src="images/icon_raster.svg"
                    style="margin-left: 0.5em; margin-bottom: -2px; height: 1em;"
                  />
                </mock-tooltip>
              </mock-menuitem>
              <mock-menuitem
                value="rainfall_agg_9month"
              >
                9-month rainfall aggregate (mm)
                <mock-tooltip
                  title="raster"
                >
                  <img
                    alt="raster"
                    src="images/icon_raster.svg"
                    style="margin-left: 0.5em; margin-bottom: -2px; height: 1em;"
                  />
                </mock-tooltip>
              </mock-menuitem>
              <mock-menuitem
                value="rainfall_agg_1year"
              >
                1-year rainfall aggregate (mm)
                <mock-tooltip
                  title="raster"
                >
                  <img
                    alt="raster"
                    src="images/icon_raster.svg"
                    style="margin-left: 0.5em; margin-bottom: -2px; height: 1em;"
                  />
                </mock-tooltip>
              </mock-menuitem>
              <mock-menuitem
                value="rain_anomaly_dekad"
              >
                10-day rainfall anomaly
                <mock-tooltip
                  title="raster"
                >
                  <img
                    alt="raster"
                    src="images/icon_raster.svg"
                    style="margin-left: 0.5em; margin-bottom: -2px; height: 1em;"
                  />
                </mock-tooltip>
              </mock-menuitem>
              <mock-menuitem
                value="rain_anomaly_1month"
              >
                1-month rainfall anomaly
                <mock-tooltip
                  title="raster"
                >
                  <img
                    alt="raster"
                    src="images/icon_raster.svg"
                    style="margin-left: 0.5em; margin-bottom: -2px; height: 1em;"
                  />
                </mock-tooltip>
              </mock-menuitem>
              <mock-menuitem
                value="rain_anomaly_3month"
              >
                3-month rainfall anomaly
                <mock-tooltip
                  title="raster"
                >
                  <img
                    alt="raster"
                    src="images/icon_raster.svg"
                    style="margin-left: 0.5em; margin-bottom: -2px; height: 1em;"
                  />
                </mock-tooltip>
              </mock-menuitem>
              <mock-menuitem
                value="rain_anomaly_6month"
              >
                6-month rainfall anomaly
                <mock-tooltip
                  title="raster"
                >
                  <img
                    alt="raster"
                    src="images/icon_raster.svg"
                    style="margin-left: 0.5em; margin-bottom: -2px; height: 1em;"
                  />
                </mock-tooltip>
              </mock-menuitem>
              <mock-menuitem
                value="rain_anomaly_9month"
              >
                9-month rainfall anomaly
                <mock-tooltip
                  title="raster"
                >
                  <img
                    alt="raster"
                    src="images/icon_raster.svg"
                    style="margin-left: 0.5em; margin-bottom: -2px; height: 1em;"
                  />
                </mock-tooltip>
              </mock-menuitem>
              <mock-menuitem
                value="rain_anomaly_1year"
              >
                1-year rainfall anomaly
                <mock-tooltip
                  title="raster"
                >
                  <img
                    alt="raster"
                    src="images/icon_raster.svg"
                    style="margin-left: 0.5em; margin-bottom: -2px; height: 1em;"
                  />
                </mock-tooltip>
              </mock-menuitem>
              <mock-menuitem
                value="spi_1m"
              >
                SPI - 1-month
                <mock-tooltip
                  title="raster"
                >
                  <img
                    alt="raster"
                    src="images/icon_raster.svg"
                    style="margin-left: 0.5em; margin-bottom: -2px; height: 1em;"
                  />
                </mock-tooltip>
              </mock-menuitem>
              <mock-menuitem
                value="spi_3m"
              >
                SPI - 3-month
                <mock-tooltip
                  title="raster"
                >
                  <img
                    alt="raster"
                    src="images/icon_raster.svg"
                    style="margin-left: 0.5em; margin-bottom: -2px; height: 1em;"
                  />
                </mock-tooltip>
              </mock-menuitem>
              <mock-menuitem
                value="spi_6m"
              >
                SPI - 6-month
                <mock-tooltip
                  title="raster"
                >
                  <img
                    alt="raster"
                    src="images/icon_raster.svg"
                    style="margin-left: 0.5em; margin-bottom: -2px; height: 1em;"
                  />
                </mock-tooltip>
              </mock-menuitem>
              <mock-menuitem
                value="spi_9m"
              >
                SPI - 9-month
                <mock-tooltip
                  title="raster"
                >
                  <img
                    alt="raster"
                    src="images/icon_raster.svg"
                    style="margin-left: 0.5em; margin-bottom: -2px; height: 1em;"
                  />
                </mock-tooltip>
              </mock-menuitem>
              <mock-menuitem
                value="spi_1y"
              >
                SPI - 1-year
                <mock-tooltip
                  title="raster"
                >
                  <img
                    alt="raster"
                    src="images/icon_raster.svg"
                    style="margin-left: 0.5em; margin-bottom: -2px; height: 1em;"
                  />
                </mock-tooltip>
              </mock-menuitem>
              <li
                class="MuiListSubheader-root MuiListSubheader-sticky MuiListSubheader-gutters"
              >
                <mock-typography
                  color="primary"
                  variant="body2"
                >
                  Dry Periods
                </mock-typography>
              </li>
              <mock-menuitem
                value="days_dry"
              >
                Days since last rain
                <mock-tooltip
                  title="raster"
                >
                  <img
                    alt="raster"
                    src="images/icon_raster.svg"
                    style="margin-left: 0.5em; margin-bottom: -2px; height: 1em;"
                  />
                </mock-tooltip>
              </mock-menuitem>
              <mock-menuitem
                value="streak_dry_days"
              >
                Longest dry spell
                <mock-tooltip
                  title="raster"
                >
                  <img
                    alt="raster"
                    src="images/icon_raster.svg"
                    style="margin-left: 0.5em; margin-bottom: -2px; height: 1em;"
                  />
                </mock-tooltip>
              </mock-menuitem>
              <li
                class="MuiListSubheader-root MuiListSubheader-sticky MuiListSubheader-gutters"
              >
                <mock-typography
                  color="primary"
                  variant="body2"
                >
                  Extreme Rain Events
                </mock-typography>
              </li>
              <mock-menuitem
                value="days_heavy_rain"
              >
                Number of days with heavy rainfall in the last 30 days
                <mock-tooltip
                  title="raster"
                >
                  <img
                    alt="raster"
                    src="images/icon_raster.svg"
                    style="margin-left: 0.5em; margin-bottom: -2px; height: 1em;"
                  />
                </mock-tooltip>
              </mock-menuitem>
              <mock-menuitem
                value="days_intense_rain"
              >
                Number of days with intense rainfall in the last 30 days
                <mock-tooltip
                  title="raster"
                >
                  <img
                    alt="raster"
                    src="images/icon_raster.svg"
                    style="margin-left: 0.5em; margin-bottom: -2px; height: 1em;"
                  />
                </mock-tooltip>
              </mock-menuitem>
              <mock-menuitem
                value="days_extreme_rain"
              >
                Number of days with extreme rainfall in the last 30 days
                <mock-tooltip
                  title="raster"
                >
                  <img
                    alt="raster"
                    src="images/icon_raster.svg"
                    style="margin-left: 0.5em; margin-bottom: -2px; height: 1em;"
                  />
                </mock-tooltip>
              </mock-menuitem>
              <mock-menuitem
                value="streak_heavy_rain"
              >
                Longest consecutive heavy rainfall days
                <mock-tooltip
                  title="raster"
                >
                  <img
                    alt="raster"
                    src="images/icon_raster.svg"
                    style="margin-left: 0.5em; margin-bottom: -2px; height: 1em;"
                  />
                </mock-tooltip>
              </mock-menuitem>
              <mock-menuitem
                value="streak_intense_rain"
              >
                Longest consecutive intense rainfall days
                <mock-tooltip
                  title="raster"
                >
                  <img
                    alt="raster"
                    src="images/icon_raster.svg"
                    style="margin-left: 0.5em; margin-bottom: -2px; height: 1em;"
                  />
                </mock-tooltip>
              </mock-menuitem>
              <mock-menuitem
                value="streak_extreme_rain"
              >
                Longest consecutive extreme rainfall days
                <mock-tooltip
                  title="raster"
                >
                  <img
                    alt="raster"
                    src="images/icon_raster.svg"
                    style="margin-left: 0.5em; margin-bottom: -2px; height: 1em;"
                  />
                </mock-tooltip>
              </mock-menuitem>
              <li
                class="MuiListSubheader-root MuiListSubheader-sticky MuiListSubheader-gutters"
              >
                <mock-typography
                  color="primary"
                  variant="body2"
                >
                  Vegetation Conditions
                </mock-typography>
              </li>
              <mock-menuitem
                value="ndvi_dekad"
              >
                10-day NDVI (MODIS)
                <mock-tooltip
                  title="raster"
                >
                  <img
                    alt="raster"
                    src="images/icon_raster.svg"
                    style="margin-left: 0.5em; margin-bottom: -2px; height: 1em;"
                  />
                </mock-tooltip>
              </mock-menuitem>
              <mock-menuitem
                value="ndvi_dekad_anomaly"
              >
                10-day NDVI anomaly (MODIS)
                <mock-tooltip
                  title="raster"
                >
                  <img
                    alt="raster"
                    src="images/icon_raster.svg"
                    style="margin-left: 0.5em; margin-bottom: -2px; height: 1em;"
                  />
                </mock-tooltip>
              </mock-menuitem>
              <li
                class="MuiListSubheader-root MuiListSubheader-sticky MuiListSubheader-gutters"
              >
                <mock-typography
                  color="primary"
                  variant="body2"
                >
                  INAM Air Temperature
                </mock-typography>
              </li>
              <mock-menuitem
                value="lst_daytime_blended"
              >
                INAM mean maximum air temperature (10-day)
                <mock-tooltip
                  title="raster"
                >
                  <img
                    alt="raster"
                    src="images/icon_raster.svg"
                    style="margin-left: 0.5em; margin-bottom: -2px; height: 1em;"
                  />
                </mock-tooltip>
              </mock-menuitem>
              <mock-menuitem
                value="lst_day_anomaly_blended"
              >
                INAM mean maximum air temperature anomaly (10-day)
                <mock-tooltip
                  title="raster"
                >
                  <img
                    alt="raster"
                    src="images/icon_raster.svg"
                    style="margin-left: 0.5em; margin-bottom: -2px; height: 1em;"
                  />
                </mock-tooltip>
              </mock-menuitem>
              <li
                class="MuiListSubheader-root MuiListSubheader-sticky MuiListSubheader-gutters"
              >
                <mock-typography
                  color="primary"
                  variant="body2"
                >
                  Land Surface Temperature
                </mock-typography>
              </li>
              <mock-menuitem
                value="lst_daytime"
              >
                Daytime Land Surface Temperature - 10-day (MODIS)
                <mock-tooltip
                  title="raster"
                >
                  <img
                    alt="raster"
                    src="images/icon_raster.svg"
                    style="margin-left: 0.5em; margin-bottom: -2px; height: 1em;"
                  />
                </mock-tooltip>
              </mock-menuitem>
              <mock-menuitem
                value="lst_day_anomaly"
              >
                Daytime Land Surface Temperature - 10-day Anomaly (MODIS)
                <mock-tooltip
                  title="raster"
                >
                  <img
                    alt="raster"
                    src="images/icon_raster.svg"
                    style="margin-left: 0.5em; margin-bottom: -2px; height: 1em;"
                  />
                </mock-tooltip>
              </mock-menuitem>
              <mock-menuitem
                value="lst_amplitude"
              >
                Land Surface Temperature - 10-day Amplitude (MODIS)
                <mock-tooltip
                  title="raster"
                >
                  <img
                    alt="raster"
                    src="images/icon_raster.svg"
                    style="margin-left: 0.5em; margin-bottom: -2px; height: 1em;"
                  />
                </mock-tooltip>
              </mock-menuitem>
              <li
                class="MuiListSubheader-root MuiListSubheader-sticky MuiListSubheader-gutters"
              >
                <mock-typography
                  color="primary"
                  variant="body2"
                >
                  Tropical Storms
                </mock-typography>
              </li>
              <mock-menuitem
                value="adamts_buffers"
              >
                Tropical Storms - Wind buffers
                <mock-tooltip
                  title="polygon"
                >
                  <img
                    alt="polygon"
                    src="images/icon_polygon.svg"
                    style="margin-left: 0.5em; margin-bottom: -2px; height: 1em;"
                  />
                </mock-tooltip>
              </mock-menuitem>
            </mock-textfield>
          </div>
        </div>
        <div
          class="AlertForm-alertFormOptions-7"
        >
          <mock-typography
            variant="body2"
          >
            Threshold
          </mock-typography>
          <div
            class="AlertForm-thresholdInputsContainer-6"
          >
            <mock-textfield
              classname="AlertForm-numberField-12"
              error="false"
              helpertext=""
              id="filled-number"
              inputlabelprops="[object Object]"
              label="Below"
              type="number"
              value=""
              variant="filled"
            />
            <mock-textfield
              classname="AlertForm-numberField-12"
              id="filled-number"
              inputlabelprops="[object Object]"
              label="Above"
              type="number"
              value=""
              variant="filled"
            />
          </div>
        </div>
        <div
          class="AlertForm-alertFormOptions-7"
        >
          <mock-typography
            variant="body2"
          >
            Regions
          </mock-typography>
          <mock-circularprogress
            color="secondary"
            size="24"
          />
        </div>
        <div
          class="AlertForm-alertFormOptions-7"
        >
          <mock-textfield
            fullwidth="true"
            id="alert-name"
            inputlabelprops="[object Object]"
            label="Alert Name"
            type="text"
            value=""
            variant="filled"
          />
        </div>
        <div
          class="AlertForm-alertFormOptions-7"
        >
          <mock-textfield
            fullwidth="true"
            id="email-address"
            inputlabelprops="[object Object]"
            label="Email Address"
            type="text"
            variant="filled"
          />
        </div>
      </div>
      <mock-button
        classname="AlertForm-innerCreateAlertButton-9"
        disabled="true"
      >
        <mock-typography
          variant="body2"
        >
          Create Alert
        </mock-typography>
      </mock-button>
    </div>
  </div>
</div>
`;
