// Jest Snapshot v1, https://goo.gl/fbAQLP

exports[`renders as expected 1`] = `
<div>
  <div
    class="MuiPaper-root MuiAccordion-root Mui-expanded MuiPaper-elevation0"
  >
    <div
      aria-controls="title"
      aria-disabled="false"
      aria-expanded="true"
      class="MuiButtonBase-root MuiAccordionSummary-root Mui-expanded"
      id="title"
      role="button"
      tabindex="0"
    >
      <div
        class="MuiAccordionSummary-content Mui-expanded"
      >
        <img
          alt="title"
          class="MenuItemMobile-icon-1"
          src="icon.png"
        />
        <mock-typography
          variant="body2"
        >
          title
        </mock-typography>
      </div>
      <div
        aria-disabled="false"
        aria-hidden="true"
        class="MuiButtonBase-root MuiIconButton-root MuiAccordionSummary-expandIcon Mui-expanded MuiIconButton-colorInherit MuiIconButton-sizeSmall MuiIconButton-edgeEnd"
      >
        <span
          class="MuiIconButton-label"
        >
          <svg
            aria-hidden="true"
            class="svg-inline--fa fa-caret-down fa-w-10 "
            data-icon="caret-down"
            data-prefix="fas"
            focusable="false"
            role="img"
            viewBox="0 0 320 512"
            xmlns="http://www.w3.org/2000/svg"
          >
            <path
              d="M31.3 192h257.3c17.8 0 26.7 21.5 14.1 34.1L174.1 354.8c-7.8 7.8-20.5 7.8-28.3 0L17.2 226.1C4.6 213.5 13.5 192 31.3 192z"
              fill="currentColor"
            />
          </svg>
        </span>
        <span
          class="MuiTouchRipple-root"
        />
      </div>
    </div>
    <div
      class="MuiCollapse-container MuiCollapse-entered"
      style="min-height: 0px;"
    >
      <div
        class="MuiCollapse-wrapper"
      >
        <div
          class="MuiCollapse-wrapperInner"
        >
          <div
            aria-labelledby="title"
            id="title"
            role="region"
          >
            <div
              class="MuiAccordionDetails-root"
            >
              <div
                class="MuiGrid-root MuiGrid-container MuiGrid-direction-xs-column"
              >
                <div
                  class="MuiGrid-root MenuSwitch-categoryContainer-2 MuiGrid-item"
                >
                  <mock-typography
                    classname="MenuSwitch-categoryTitle-3"
                    variant="body2"
                  >
                    Category 1
                  </mock-typography>
                  <hr />
                  <div
                    class="MuiBox-root MuiBox-root-4"
                  >
                    <mock-switch
                      checked="false"
                      color="default"
                      inputprops="[object Object]"
                      size="small"
                    />
                     
                    <mock-typography
                      variant="body1"
                    >
                      layer
                    </mock-typography>
                  </div>
                </div>
              </div>
            </div>
          </div>
        </div>
      </div>
    </div>
  </div>
</div>
`;
