// Jest Snapshot v1, https://goo.gl/fbAQLP

exports[`renders as expected 1`] = `
<div>
  <mock-button
    classname="MenuItem-title-1"
  >
    <img
      alt="title"
      class="MenuItem-icon-2"
      src="icon.png"
    />
    <mock-typography
      variant="body2"
    >
      title
    </mock-typography>
  </mock-button>
  <mock-popover
    anchororigin="[object Object]"
    classname="MenuItem-popover-3"
    open="false"
    paperprops="[object Object]"
    transformorigin="[object Object]"
  >
    <div
      class="MuiGrid-root MenuSwitch-categoryContainer-5 MuiGrid-item"
    >
      <mock-typography
        classname="MenuSwitch-categoryTitle-6"
        variant="body2"
      >
        Category 1
      </mock-typography>
      <hr />
      <div
        class="MuiBox-root MuiBox-root-7"
      >
        <mock-switch
          checked="false"
          color="default"
          inputprops="[object Object]"
          size="small"
        />
         
        <mock-typography
          variant="body1"
        >
          layer
        </mock-typography>
      </div>
    </div>
  </mock-popover>
</div>
`;
