// Jest Snapshot v1, https://goo.gl/fbAQLP

exports[`renders as expected 1`] = `
<div>
  <div
    class="MenuItem-root-1"
  >
    <mock-button
      classname="MenuItem-title-2"
    >
      <img
        alt="title"
        class="MenuItem-icon-3"
        src="images/icon.png"
      />
      <mock-typography
        variant="body2"
      >
        title
      </mock-typography>
    </mock-button>
  </div>
</div>
`;
