// Jest Snapshot v1, https://jestjs.io/docs/snapshot-testing

exports[`renders as expected 1`] = `
<div>
  <div
    class="MuiPaper-root MuiPaper-elevation MuiPaper-rounded MuiPaper-elevation0 MuiAccordion-root MuiAccordion-rounded MuiAccordion-gutters css-1eyih7r-MuiPaper-root-MuiAccordion-root"
    style="--Paper-shadow: none;"
  >
    <h3
      class="MuiAccordion-heading css-cy7rkm-MuiAccordion-heading"
    >
      <button
        aria-controls="Some Analysis Layer Title"
        aria-expanded="false"
        class="MuiButtonBase-root MuiAccordionSummary-root MuiAccordionSummary-gutters css-fwo7tk-MuiButtonBase-root-MuiAccordionSummary-root"
        id="Some Analysis Layer Title"
        tabindex="0"
        type="button"
      >
        <span
          class="MuiAccordionSummary-content css-1rqjdob-MuiAccordionSummary-content"
        >
          <p
            class="MuiTypography-root MuiTypography-body1 css-1n3gmsb-MuiTypography-root"
          >
            Some Analysis Layer Title
          </p>
          <div
            class="MuiChip-root MuiChip-filled MuiChip-sizeMedium MuiChip-colorDefault css-2hegm2-MuiChip-root"
          >
            <span
              class="MuiChip-label css-1dybbl5-MuiChip-label"
            >
              1
            </span>
          </div>
        </span>
        <span
          class="MuiAccordionSummary-expandIconWrapper css-1wnau0r-MuiAccordionSummary-expandIconWrapper"
        >
          <svg
            aria-hidden="true"
            class="MuiSvgIcon-root MuiSvgIcon-fontSizeMedium css-1umw9bq-MuiSvgIcon-root"
            data-testid="ExpandMoreIcon"
            focusable="false"
            viewBox="0 0 24 24"
          >
            <path
              d="M16.59 8.59 12 13.17 7.41 8.59 6 10l6 6 6-6z"
            />
          </svg>
        </span>
      </button>
    </h3>
    <div
      class="MuiCollapse-root MuiCollapse-vertical MuiCollapse-hidden css-cwrbtg-MuiCollapse-root"
      style="min-height: 0px;"
    >
      <div
        class="MuiCollapse-wrapper MuiCollapse-vertical css-1x6hinx-MuiCollapse-wrapper"
      >
        <div
          class="MuiCollapse-wrapperInner MuiCollapse-vertical css-1i4ywhz-MuiCollapse-wrapperInner"
        >
          <div
            aria-labelledby="Some Analysis Layer Title"
            class="MuiAccordion-region css-at4ued-MuiAccordion-region"
            id="Some Analysis Layer Title"
            role="region"
          >
            <div
              class="MuiAccordionDetails-root css-1e9hqp5-MuiAccordionDetails-root"
            >
              <div
                class="MuiGrid-root MuiGrid-container MuiGrid-direction-xs-row css-1bmszvq-MuiGrid-root"
              >
                <div
                  class="MuiBox-root css-14r34si"
                  style="display: flex; flex-direction: column; max-width: 100%;"
                >
                  <div
                    class="MuiBox-root css-0"
                    style="display: flex; align-items: center;"
                  >
                    <div
                      style="display: flex;"
                    >
                      <span
                        class="MuiSwitch-root MuiSwitch-sizeSmall css-1gm5r7z-MuiSwitch-root"
                      >
                        <span
                          class="MuiButtonBase-root MuiSwitch-switchBase MuiSwitch-colorPrimary Mui-checked PrivateSwitchBase-root MuiSwitch-switchBase MuiSwitch-colorPrimary Mui-checked Mui-checked css-tznl3-MuiButtonBase-root-MuiSwitchBase-root-MuiSwitch-switchBase"
                        >
                          <input
                            aria-label=""
                            checked=""
                            class="PrivateSwitchBase-input MuiSwitch-input css-12xagqm-MuiSwitchBase-root"
                            role="switch"
                            type="checkbox"
                          />
                          <span
                            class="MuiSwitch-thumb css-1mw77bv-MuiSwitch-thumb"
                          />
                        </span>
                        <span
                          class="MuiSwitch-track css-pm6g3f-MuiSwitch-track"
                        />
                      </span>
                      <p
                        class="MuiTypography-root MuiTypography-body1 css-whxbpl-MuiTypography-root"
                      />
                    </div>
                    <div
                      class="MuiBox-root css-0"
                      style="display: flex; align-items: center;"
                    >
                      <span
                        aria-label="Opacity"
                        class=""
                        data-mui-internal-clone-element="true"
                      >
                        <button
                          class="MuiButtonBase-root MuiIconButton-root MuiIconButton-sizeLarge css-1k2af70-MuiButtonBase-root-MuiIconButton-root"
                          tabindex="0"
                          type="button"
                        >
                          <svg
                            aria-hidden="true"
                            class="MuiSvgIcon-root MuiSvgIcon-fontSizeMedium css-1umw9bq-MuiSvgIcon-root"
                            data-testid="OpacityIcon"
                            focusable="false"
                            viewBox="0 0 24 24"
                          >
                            <path
                              d="M17.66 8 12 2.35 6.34 8C4.78 9.56 4 11.64 4 13.64s.78 4.11 2.34 5.67 3.61 2.35 5.66 2.35 4.1-.79 5.66-2.35S20 15.64 20 13.64 19.22 9.56 17.66 8M6 14c.01-2 .62-3.27 1.76-4.4L12 5.27l4.24 4.38C17.38 10.77 17.99 12 18 14z"
                            />
                          </svg>
                        </button>
                      </span>
                      <button
                        aria-label="Download"
                        class="MuiButtonBase-root MuiIconButton-root MuiIconButton-sizeLarge css-154kngp-MuiButtonBase-root-MuiIconButton-root"
                        data-mui-internal-clone-element="true"
                        tabindex="0"
                        type="button"
                      >
                        <svg
                          aria-hidden="true"
                          class="MuiSvgIcon-root MuiSvgIcon-fontSizeMedium css-1umw9bq-MuiSvgIcon-root"
                          data-testid="GetAppIcon"
                          focusable="false"
                          viewBox="0 0 24 24"
                        >
                          <path
                            d="M19 9h-4V3H9v6H5l7 7zM5 18v2h14v-2z"
                          />
                        </svg>
                      </button>
                    </div>
                  </div>
                </div>
              </div>
            </div>
          </div>
        </div>
      </div>
    </div>
  </div>
</div>
`;
