// Jest Snapshot v1, https://goo.gl/fbAQLP

exports[`renders as expected 1`] = `
<div>
  <div
    class="MuiBox-root MuiBox-root-9"
  >
    <mock-switch
      checked="false"
      classes="[object Object]"
      classname="SwitchItem-switch-6"
      inputprops="[object Object]"
      size="small"
    />
    <mock-typography
      classname="SwitchItem-titleUnchecked-2"
    />
  </div>
</div>
`;
