// Jest Snapshot v1, https://goo.gl/fbAQLP

exports[`renders as expected 1`] = `
<div>
  <mock-button
    classname="memo-triggerButton-1"
    color="primary"
    starticon="[object Object]"
    style="background-color: rgb(99, 178, 189);"
  >
    <mock-hidden
      smdown="true"
    >
      <mock-typography
        style="color: black;"
        variant="body2"
      >
        Legend
      </mock-typography>
    </mock-hidden>
  </mock-button>
  <mock-list
    classname="memo-list-2"
    id="legend-list"
  />
</div>
`;
