// Jest Snapshot v1, https://goo.gl/fbAQLP

exports[`renders as expected 1`] = `
<div>
  <mock-button
    classname="memo-triggerButton-1"
    starticon="[object Object]"
    style="background-color: rgb(99, 178, 189);"
  >
    <mock-typography
      style="color: rgb(16, 16, 16); text-transform: none;"
    >
      Legend
    </mock-typography>
  </mock-button>
  <mock-list
    classname="memo-list-2"
    disablepadding="true"
  />
</div>
`;
