// Jest Snapshot v1, https://goo.gl/fbAQLP

exports[`renders as expected 1`] = `
<div>
  <div
    style="padding-top: 4px;"
  >
    <mock-button
      style="background-color: transparent;"
    >
      <svg
        aria-hidden="true"
        class="MuiSvgIcon-root MuiSvgIcon-fontSizeSmall"
        focusable="false"
        style="padding-right: 0.2em;"
        viewBox="0 0 24 24"
      >
        <path
          d="M19 8H5c-1.66 0-3 1.34-3 3v6h4v4h12v-4h4v-6c0-1.66-1.34-3-3-3zm-3 11H8v-5h8v5zm3-7c-.55 0-1-.45-1-1s.45-1 1-1 1 .45 1 1-.45 1-1 1zm-1-9H6v4h12V3z"
        />
      </svg>
      <mock-typography
        classname="PrintImage-printText-1"
        variant="body2"
      >
        Print
      </mock-typography>
    </mock-button>
  </div>
  <mock-dialog
    aria-labelledby="dialog-preview"
    keepmounted="true"
    maxwidth="xl"
    open="false"
  >
    <mock-dialogtitle
      classname="DownloadImage-title-2"
      id="dialog-preview"
    >
      Map Preview
    </mock-dialogtitle>
    <mock-dialogcontent>
      <div
        class="MuiGrid-root MuiGrid-container"
      >
        <div
          class="MuiGrid-root MuiGrid-item MuiGrid-grid-xs-10"
          id="canvas-preview-container"
        />
        <div
          class="MuiGrid-root MuiGrid-item MuiGrid-grid-xs-true"
        >
          <div
            class="MuiBox-root MuiBox-root-5"
          >
            <div
              class="MuiBox-root MuiBox-root-6 DownloadImage-title-2"
            >
              Map Options
            </div>
            <label
              class="MuiFormControlLabel-root"
            >
              <mock-switch
                checked="true"
                color="primary"
                name="legend"
              />
              <mock-typography
                classname="MuiFormControlLabel-label"
                component="span"
              >
                <mock-typography
                  variant="h4"
                >
                  Legend
                </mock-typography>
              </mock-typography>
            </label>
            <label
              class="MuiFormControlLabel-root"
            >
              <mock-switch
                checked="true"
                color="primary"
                name="footer"
              />
              <mock-typography
                classname="MuiFormControlLabel-label"
                component="span"
              >
                <mock-typography
                  variant="h4"
                >
                  Footer Text
                </mock-typography>
              </mock-typography>
            </label>
            <label
              class="MuiFormControlLabel-root"
            >
              <mock-switch
                checked="true"
                color="primary"
                name="fullLayerDescription"
              />
              <mock-typography
                classname="MuiFormControlLabel-label"
                component="span"
              >
                <mock-typography
                  variant="h4"
                >
                  Full Layer Description
                </mock-typography>
              </mock-typography>
            </label>
            <label
              class="MuiFormControlLabel-root"
            >
              <mock-switch
                checked="true"
                color="primary"
                name="scaleBar"
              />
              <mock-typography
                classname="MuiFormControlLabel-label"
                component="span"
              >
                <mock-typography
                  variant="h4"
                >
                  Scale Bar
                </mock-typography>
              </mock-typography>
            </label>
            <label
              class="MuiFormControlLabel-root"
            >
              <mock-switch
                checked="true"
                color="primary"
                name="northArrow"
              />
              <mock-typography
                classname="MuiFormControlLabel-label"
                component="span"
              >
                <mock-typography
                  variant="h4"
                >
                  North Arrow
                </mock-typography>
              </mock-typography>
            </label>
            <mock-button
              classname="DownloadImage-gutter-4"
              color="primary"
              endicon="[object Object]"
              variant="contained"
            >
              Download
            </mock-button>
            <mock-menu
              keepmounted="true"
              open="false"
            >
              <mock-menuitem>
                Download PNG
              </mock-menuitem>
              <mock-menuitem>
                Download JPEG
              </mock-menuitem>
              <mock-menuitem>
                Download PDF
              </mock-menuitem>
            </mock-menu>
            <mock-button
              color="primary"
            >
              Cancel
            </mock-button>
          </div>
        </div>
      </div>
    </mock-dialogcontent>
  </mock-dialog>
</div>
`;
