// Jest Snapshot v1, https://goo.gl/fbAQLP

exports[`renders as expected 1`] = `
<div>
  <div
    style="padding-top: 4px;"
  >
    <button
      class="MuiButtonBase-root MuiIconButton-root"
      style="background-color: transparent; color: white;"
      tabindex="0"
      type="button"
    >
      <span
        class="MuiIconButton-label"
      >
        <svg
          aria-hidden="true"
          class="MuiSvgIcon-root"
          focusable="false"
          viewBox="0 0 24 24"
        >
          <path
            d="M19 8h-1V3H6v5H5c-1.66 0-3 1.34-3 3v6h4v4h12v-4h4v-6c0-1.66-1.34-3-3-3zM8 5h8v3H8V5zm8 12v2H8v-4h8v2zm2-2v-2H6v2H4v-4c0-.55.45-1 1-1h14c.55 0 1 .45 1 1v4h-2z"
          />
          <circle
            cx="18"
            cy="11.5"
            r="1"
          />
        </svg>
      </span>
      <span
        class="MuiTouchRipple-root"
      />
    </button>
  </div>
  <mock-dialog
    aria-labelledby="dialog-preview"
    keepmounted="true"
    maxwidth="xl"
    open="false"
  >
    <mock-dialogcontent
      classname="DownloadImage-contentContainer-12"
    >
      <div
        class="DownloadImage-previewContainer-16"
      >
        <div>
          <mock-typography
            classname="DownloadImage-title-1"
            variant="h3"
          >
            MAP PREVIEW
          </mock-typography>
          <mock-typography
            color="textSecondary"
            variant="body1"
          >
            Use your mouse to pan and zoom the map
          </mock-typography>
        </div>
        <div
          style="width: 100%; height: 100%;"
        >
          <div
            style="position: relative; z-index: 3; border: 1px solid black; height: 100%; width: 100%;"
          >
            <div
              class="DownloadImage-printContainer-6"
            >
              <img
                alt="northArrow"
                src="./images/icon_north_arrow.png"
                style="position: absolute; z-index: 3; width: 50px; bottom: 60px; right: 10px;"
              />
              <div
                class="DownloadImage-titleOverlay-9"
              >
                Mozambique
              </div>
              
              <div
                style="position: absolute; z-index: 2; top: 0px; left: 8px; width: 20px; transform: scale(1);"
              >
                <mock-list
                  classname="DownloadImage-legendListStyle-14"
                />
              </div>
              <div
                class="DownloadImage-mapContainer-7"
              />
            </div>
          </div>
        </div>
      </div>
      <div
        class="DownloadImage-optionsContainer-13"
      >
        <div>
          <div
            class="MuiBox-root MuiBox-root-17 DownloadImage-title-1"
          >
            Map Options
          </div>
          <button
            class="MuiButtonBase-root MuiIconButton-root DownloadImage-closeButton-3"
            tabindex="0"
            type="button"
          >
            <span
              class="MuiIconButton-label"
            >
              <svg
                aria-hidden="true"
                class="MuiSvgIcon-root"
                focusable="false"
                viewBox="0 0 24 24"
              >
                <path
                  d="M12 2C6.47 2 2 6.47 2 12s4.47 10 10 10 10-4.47 10-10S17.53 2 12 2zm5 13.59L15.59 17 12 13.41 8.41 17 7 15.59 10.59 12 7 8.41 8.41 7 12 10.59 15.59 7 17 8.41 13.41 12 17 15.59z"
                />
              </svg>
            </span>
            <span
              class="MuiTouchRipple-root"
            />
          </button>
        </div>
        <div
          class="DownloadImage-optionWrap-8"
        >
          <mock-typography
            variant="h4"
          >
            Title
          </mock-typography>
          <mock-textfield
            fullwidth="true"
            inputprops="[object Object]"
            size="small"
            variant="outlined"
          />
        </div>
        <div
          class="makeStyles-wrapper-18"
        >
          <mock-typography
            variant="h4"
          >
            Logo Position
          </mock-typography>
          <div
            class="MuiToggleButtonGroup-root makeStyles-buttonGroup-19"
            role="group"
          >
            <button
              aria-pressed="true"
              class="MuiButtonBase-root MuiToggleButton-root MuiToggleButtonGroup-grouped MuiToggleButtonGroup-groupedHorizontal makeStyles-button-20 Mui-selected"
              tabindex="0"
              type="button"
              value="-1"
            >
              <span
                class="MuiToggleButton-label"
              >
                <mock-visibilityoff />
              </span>
              <span
                class="MuiTouchRipple-root"
              />
            </button>
            <button
              aria-pressed="false"
              class="MuiButtonBase-root MuiToggleButton-root MuiToggleButtonGroup-grouped MuiToggleButtonGroup-groupedHorizontal makeStyles-button-20"
              tabindex="0"
              type="button"
              value="0"
            >
              <span
                class="MuiToggleButton-label"
              >
                <mock-icon
                  style="color: black;"
                >
                  switch_right
                </mock-icon>
              </span>
              <span
                class="MuiTouchRipple-root"
              />
            </button>
          </div>
        </div>
        <div
          class="DownloadImage-sameRowToggles-15"
        >
          <div
            class="makeStyles-wrapper-18"
          >
            <mock-typography
              variant="h4"
            >
              Admin area mask
            </mock-typography>
            <div
              class="MuiToggleButtonGroup-root makeStyles-buttonGroup-19"
              role="group"
            >
              <button
                aria-pressed="false"
                class="MuiButtonBase-root MuiToggleButton-root MuiToggleButtonGroup-grouped MuiToggleButtonGroup-groupedHorizontal makeStyles-button-20"
                tabindex="0"
                type="button"
                value="1"
              >
                <span
                  class="MuiToggleButton-label"
                >
                  <mock-visibilityoff />
                </span>
                <span
                  class="MuiTouchRipple-root"
                />
              </button>
              <button
                aria-pressed="true"
                class="MuiButtonBase-root MuiToggleButton-root MuiToggleButtonGroup-grouped MuiToggleButtonGroup-groupedHorizontal makeStyles-button-20 Mui-selected"
                tabindex="0"
                type="button"
                value="0"
              >
                <span
                  class="MuiToggleButton-label"
                >
                  <mock-visibility />
                </span>
                <span
                  class="MuiTouchRipple-root"
                />
              </button>
            </div>
          </div>
          <div
            class="makeStyles-wrapper-18"
          >
            <mock-typography
              style="text-align: end;"
              variant="h4"
            >
              Map Labels
            </mock-typography>
            <div
              class="MuiToggleButtonGroup-root makeStyles-buttonGroup-19"
              role="group"
              style="justify-content: end;"
            >
              <button
                aria-pressed="false"
                class="MuiButtonBase-root MuiToggleButton-root MuiToggleButtonGroup-grouped MuiToggleButtonGroup-groupedHorizontal makeStyles-button-20"
                tabindex="0"
                type="button"
                value="0"
              >
                <span
                  class="MuiToggleButton-label"
                >
                  <mock-visibilityoff />
                </span>
                <span
                  class="MuiTouchRipple-root"
                />
              </button>
              <button
                aria-pressed="true"
                class="MuiButtonBase-root MuiToggleButton-root MuiToggleButtonGroup-grouped MuiToggleButtonGroup-groupedHorizontal makeStyles-button-20 Mui-selected"
                tabindex="0"
                type="button"
                value="1"
              >
                <span
                  class="MuiToggleButton-label"
                >
                  <mock-visibility />
                </span>
                <span
                  class="MuiTouchRipple-root"
                />
              </button>
            </div>
          </div>
        </div>
        <div
          class="DownloadImage-sameRowToggles-15"
        >
          <div
            class="makeStyles-wrapper-18"
          >
            <mock-typography
              variant="h4"
            >
              Legend Position
            </mock-typography>
            <div
              class="MuiToggleButtonGroup-root makeStyles-buttonGroup-19"
              role="group"
            >
              <button
                aria-pressed="false"
                class="MuiButtonBase-root MuiToggleButton-root MuiToggleButtonGroup-grouped MuiToggleButtonGroup-groupedHorizontal makeStyles-button-20"
                tabindex="0"
                type="button"
                value="-1"
              >
                <span
                  class="MuiToggleButton-label"
                >
                  <mock-visibilityoff />
                </span>
                <span
                  class="MuiTouchRipple-root"
                />
              </button>
              <button
                aria-pressed="true"
                class="MuiButtonBase-root MuiToggleButton-root MuiToggleButtonGroup-grouped MuiToggleButtonGroup-groupedHorizontal makeStyles-button-20 Mui-selected"
                tabindex="0"
                type="button"
                value="0"
              >
                <span
                  class="MuiToggleButton-label"
                >
                  <mock-icon
                    style="color: black;"
                  >
                    switch_left
                  </mock-icon>
                </span>
                <span
                  class="MuiTouchRipple-root"
                />
              </button>
            </div>
          </div>
          <div
            class="makeStyles-wrapper-18"
          >
            <mock-typography
              style="text-align: end;"
              variant="h4"
            >
              Full Layer Description
            </mock-typography>
            <div
              class="MuiToggleButtonGroup-root makeStyles-buttonGroup-19"
              role="group"
              style="justify-content: end;"
            >
              <button
                aria-pressed="false"
                class="MuiButtonBase-root MuiToggleButton-root MuiToggleButtonGroup-grouped MuiToggleButtonGroup-groupedHorizontal makeStyles-button-20"
                tabindex="0"
                type="button"
                value="0"
              >
                <span
                  class="MuiToggleButton-label"
                >
                  <mock-visibilityoff />
                </span>
                <span
                  class="MuiTouchRipple-root"
                />
              </button>
              <button
                aria-pressed="true"
                class="MuiButtonBase-root MuiToggleButton-root MuiToggleButtonGroup-grouped MuiToggleButtonGroup-groupedHorizontal makeStyles-button-20 Mui-selected"
                tabindex="0"
                type="button"
                value="1"
              >
                <span
                  class="MuiToggleButton-label"
                >
                  <mock-visibility />
                </span>
                <span
                  class="MuiTouchRipple-root"
                />
              </button>
            </div>
          </div>
        </div>
        <div
          style="opacity: 1; pointer-events: auto;"
        >
          <div
            class="makeStyles-wrapper-18"
          >
            <mock-typography
              variant="h4"
            >
              Legend Size
            </mock-typography>
            <div
              class="MuiToggleButtonGroup-root makeStyles-buttonGroup-19"
              role="group"
            >
              <button
                aria-pressed="false"
                class="MuiButtonBase-root MuiToggleButton-root MuiToggleButtonGroup-grouped MuiToggleButtonGroup-groupedHorizontal makeStyles-button-20"
                tabindex="0"
                type="button"
                value="0.5"
              >
                <span
                  class="MuiToggleButton-label"
                >
                  <div>
                    50%
                  </div>
                </span>
                <span
                  class="MuiTouchRipple-root"
                />
              </button>
              <button
                aria-pressed="false"
                class="MuiButtonBase-root MuiToggleButton-root MuiToggleButtonGroup-grouped MuiToggleButtonGroup-groupedHorizontal makeStyles-button-20"
                tabindex="0"
                type="button"
                value="0.4"
              >
                <span
                  class="MuiToggleButton-label"
                >
                  <div>
                    60%
                  </div>
                </span>
                <span
                  class="MuiTouchRipple-root"
                />
              </button>
              <button
                aria-pressed="false"
                class="MuiButtonBase-root MuiToggleButton-root MuiToggleButtonGroup-grouped MuiToggleButtonGroup-groupedHorizontal makeStyles-button-20"
                tabindex="0"
                type="button"
                value="0.3"
              >
                <span
                  class="MuiToggleButton-label"
                >
                  <div>
                    70%
                  </div>
                </span>
                <span
                  class="MuiTouchRipple-root"
                />
              </button>
              <button
                aria-pressed="false"
                class="MuiButtonBase-root MuiToggleButton-root MuiToggleButtonGroup-grouped MuiToggleButtonGroup-groupedHorizontal makeStyles-button-20"
                tabindex="0"
                type="button"
                value="0.2"
              >
                <span
                  class="MuiToggleButton-label"
                >
                  <div>
                    80%
                  </div>
                </span>
                <span
                  class="MuiTouchRipple-root"
                />
              </button>
              <button
                aria-pressed="false"
                class="MuiButtonBase-root MuiToggleButton-root MuiToggleButtonGroup-grouped MuiToggleButtonGroup-groupedHorizontal makeStyles-button-20"
                tabindex="0"
                type="button"
                value="0.1"
              >
                <span
                  class="MuiToggleButton-label"
                >
                  <div>
                    90%
                  </div>
                </span>
                <span
                  class="MuiTouchRipple-root"
                />
              </button>
              <button
                aria-pressed="true"
                class="MuiButtonBase-root MuiToggleButton-root MuiToggleButtonGroup-grouped MuiToggleButtonGroup-groupedHorizontal makeStyles-button-20 Mui-selected"
                tabindex="0"
                type="button"
                value="0"
              >
                <span
                  class="MuiToggleButton-label"
                >
                  <div>
                    100%
                  </div>
                </span>
                <span
                  class="MuiTouchRipple-root"
                />
              </button>
            </div>
          </div>
        </div>
        <div
          class="makeStyles-wrapper-18"
        >
          <mock-typography
            variant="h4"
          >
            Map Width
          </mock-typography>
          <div
            class="MuiToggleButtonGroup-root makeStyles-buttonGroup-19"
            role="group"
          >
            <button
              aria-pressed="false"
              class="MuiButtonBase-root MuiToggleButton-root MuiToggleButtonGroup-grouped MuiToggleButtonGroup-groupedHorizontal makeStyles-button-20"
              tabindex="0"
              type="button"
              value="50"
            >
              <span
                class="MuiToggleButton-label"
              >
                <div>
                  50%
                </div>
              </span>
              <span
                class="MuiTouchRipple-root"
              />
            </button>
            <button
              aria-pressed="false"
              class="MuiButtonBase-root MuiToggleButton-root MuiToggleButtonGroup-grouped MuiToggleButtonGroup-groupedHorizontal makeStyles-button-20"
              tabindex="0"
              type="button"
              value="60"
            >
              <span
                class="MuiToggleButton-label"
              >
                <div>
                  60%
                </div>
              </span>
              <span
                class="MuiTouchRipple-root"
              />
            </button>
            <button
              aria-pressed="false"
              class="MuiButtonBase-root MuiToggleButton-root MuiToggleButtonGroup-grouped MuiToggleButtonGroup-groupedHorizontal makeStyles-button-20"
              tabindex="0"
              type="button"
              value="70"
            >
              <span
                class="MuiToggleButton-label"
              >
                <div>
                  70%
                </div>
              </span>
              <span
                class="MuiTouchRipple-root"
              />
            </button>
            <button
              aria-pressed="false"
              class="MuiButtonBase-root MuiToggleButton-root MuiToggleButtonGroup-grouped MuiToggleButtonGroup-groupedHorizontal makeStyles-button-20"
              tabindex="0"
              type="button"
              value="80"
            >
              <span
                class="MuiToggleButton-label"
              >
                <div>
                  80%
                </div>
              </span>
              <span
                class="MuiTouchRipple-root"
              />
            </button>
            <button
              aria-pressed="false"
              class="MuiButtonBase-root MuiToggleButton-root MuiToggleButtonGroup-grouped MuiToggleButtonGroup-groupedHorizontal makeStyles-button-20"
              tabindex="0"
              type="button"
              value="90"
            >
              <span
                class="MuiToggleButton-label"
              >
                <div>
                  90%
                </div>
              </span>
              <span
                class="MuiTouchRipple-root"
              />
            </button>
            <button
              aria-pressed="true"
              class="MuiButtonBase-root MuiToggleButton-root MuiToggleButtonGroup-grouped MuiToggleButtonGroup-groupedHorizontal makeStyles-button-20 Mui-selected"
              tabindex="0"
              type="button"
              value="100"
            >
              <span
                class="MuiToggleButton-label"
              >
                <div>
                  100%
                </div>
              </span>
              <span
                class="MuiTouchRipple-root"
              />
            </button>
          </div>
        </div>
        <div
          class="makeStyles-wrapper-18"
        >
          <mock-typography
            variant="h4"
          >
            Footer Text
          </mock-typography>
          <div
            class="MuiToggleButtonGroup-root makeStyles-buttonGroup-19"
            role="group"
          >
            <button
              aria-pressed="false"
              class="MuiButtonBase-root MuiToggleButton-root MuiToggleButtonGroup-grouped MuiToggleButtonGroup-groupedHorizontal makeStyles-button-20"
              tabindex="0"
              type="button"
              value="0"
            >
              <span
                class="MuiToggleButton-label"
              >
                <mock-visibilityoff />
              </span>
              <span
                class="MuiTouchRipple-root"
              />
            </button>
            <button
              aria-pressed="false"
              class="MuiButtonBase-root MuiToggleButton-root MuiToggleButtonGroup-grouped MuiToggleButtonGroup-groupedHorizontal makeStyles-button-20"
              tabindex="0"
              type="button"
              value="8"
            >
              <span
                class="MuiToggleButton-label"
              >
                <div
                  style="font-size: 8px;"
                >
                  Aa
                </div>
              </span>
              <span
                class="MuiTouchRipple-root"
              />
            </button>
            <button
              aria-pressed="false"
              class="MuiButtonBase-root MuiToggleButton-root MuiToggleButtonGroup-grouped MuiToggleButtonGroup-groupedHorizontal makeStyles-button-20"
              tabindex="0"
              type="button"
              value="10"
            >
              <span
                class="MuiToggleButton-label"
              >
                <div
                  style="font-size: 10px;"
                >
                  Aa
                </div>
              </span>
              <span
                class="MuiTouchRipple-root"
              />
            </button>
            <button
              aria-pressed="true"
              class="MuiButtonBase-root MuiToggleButton-root MuiToggleButtonGroup-grouped MuiToggleButtonGroup-groupedHorizontal makeStyles-button-20 Mui-selected"
              tabindex="0"
              type="button"
              value="12"
            >
              <span
                class="MuiToggleButton-label"
              >
                <div
                  style="font-size: 12px;"
                >
                  Aa
                </div>
              </span>
              <span
                class="MuiTouchRipple-root"
              />
            </button>
            <button
              aria-pressed="false"
              class="MuiButtonBase-root MuiToggleButton-root MuiToggleButtonGroup-grouped MuiToggleButtonGroup-groupedHorizontal makeStyles-button-20"
              tabindex="0"
              type="button"
              value="16"
            >
              <span
                class="MuiToggleButton-label"
              >
                <div
                  style="font-size: 16px;"
                >
                  Aa
                </div>
              </span>
              <span
                class="MuiTouchRipple-root"
              />
            </button>
            <button
              aria-pressed="false"
              class="MuiButtonBase-root MuiToggleButton-root MuiToggleButtonGroup-grouped MuiToggleButtonGroup-groupedHorizontal makeStyles-button-20"
              tabindex="0"
              type="button"
              value="20"
            >
              <span
                class="MuiToggleButton-label"
              >
                <div
                  style="font-size: 20px;"
                >
                  Aa
                </div>
              </span>
              <span
                class="MuiTouchRipple-root"
              />
            </button>
          </div>
        </div>
        <mock-textfield
          inputprops="[object Object]"
          maxrows="3"
          minrows="3"
          multiline="true"
          size="small"
          variant="outlined"
        />
        <mock-button
          classname="DownloadImage-gutter-2"
          color="primary"
          endicon="[object Object]"
          style="background-color: rgb(99, 178, 189); color: black;"
          variant="contained"
        >
          Download
        </mock-button>
        <mock-menu
          keepmounted="true"
          open="false"
        >
          <mock-menuitem>
            Download PNG
          </mock-menuitem>
          <mock-menuitem>
            Download JPEG
          </mock-menuitem>
          <mock-menuitem>
            Download PDF
          </mock-menuitem>
        </mock-menu>
      </div>
    </mock-dialogcontent>
  </mock-dialog>
</div>
`;
