// Jest Snapshot v1, https://jestjs.io/docs/snapshot-testing

exports[`AAStormLandfallPopup component renders as expected 1`] = `
<div>
  <div
    class="makeStyles-itemsContainer-2"
  >
    <p
      class="MuiTypography-root MuiTypography-body1 makeStyles-text-4 makeStyles-title-5 css-l0p3u8-MuiTypography-root"
    >
      Report date
      : 
      2024-03-01 8pm (GMT+2)
    </p>
    <div
      class="makeStyles-itemContainer-3"
    >
      <p
        class="MuiTypography-root MuiTypography-body1 makeStyles-text-4 css-l0p3u8-MuiTypography-root"
        style="max-width: 100px;"
      >
        Landfall estimated time
      </p>
      <p
        class="MuiTypography-root MuiTypography-body1 makeStyles-text-4 makeStyles-textAlignRight-6 css-l0p3u8-MuiTypography-root"
      >
        2024-03-12 03:00 GMT+2
        <span
          class="makeStyles-block-1"
        >
          += 5 hours
        </span>
      </p>
    </div>
    <div
      class="makeStyles-itemContainer-3"
    >
      <p
        class="MuiTypography-root MuiTypography-body1 makeStyles-text-4 css-l0p3u8-MuiTypography-root"
        style="max-width: 150px;"
      >
        Landfall estimated leadtime
      </p>
      <p
        class="MuiTypography-root MuiTypography-body1 makeStyles-text-4 makeStyles-textAlignRight-6 css-l0p3u8-MuiTypography-root"
      >
        247 - 252 hrs
      </p>
    </div>
    <div
      class="makeStyles-itemContainer-3"
    >
      <p
        class="MuiTypography-root MuiTypography-body1 makeStyles-text-4 css-l0p3u8-MuiTypography-root"
        style="max-width: 150px;"
      >
        District impacted by landfall
      </p>
      <p
        class="MuiTypography-root MuiTypography-body1 makeStyles-text-4 makeStyles-textAlignRight-6 css-l0p3u8-MuiTypography-root"
      >
        Inhassoro
      </p>
    </div>
  </div>
</div>
`;
