// Jest Snapshot v1, https://jestjs.io/docs/snapshot-testing

exports[`renders as expected 1`] = `
<div>
  <div
    class="makeStyles-container-1"
  >
    <div
      class="makeStyles-indicator-2"
      style="background-color: rgba(239, 50, 2, 0.7); border-radius: 0;"
    />
    <mock-typography
      color="textSecondary"
    >
      Vegetation
    </mock-typography>
  </div>
</div>
`;
