// Jest Snapshot v1, https://goo.gl/fbAQLP

exports[`renders as expected 1`] = `
<div>
  <div
    class="makeStyles-root-1"
  >
    <div
      class="makeStyles-districtViewWrapper-2"
    >
      <div
        class="makeStyles-windowWrapper-6"
      >
        <div
          style="text-align: center;"
        >
          <mock-typography
            classname="makeStyles-headerText-10"
            variant="h3"
          >
            Window 2
          </mock-typography>
        </div>
        <div
          class="makeStyles-tableWrapper-7"
        >
          <div
            class="makeStyles-rowWrapper-8"
          >
            <div
              class="makeStyles-column-9"
            >
              <mock-typography
                classname="makeStyles-monthText-11"
              >
                December
              </mock-typography>
            </div>
          </div>
          <div
            class="makeStyles-rowWrapper-8"
          >
            <div
              class="makeStyles-column-9"
            >
              <div
                class="makeStyles-iconWrapper-12"
              >
                <div
                  class="makeStyles-iconWrapper-13"
                  style="background: rgb(131, 31, 0);"
                >
                  <div
                    class="makeStyles-centerContainer-14"
                    style="border: 1px solid white; color: white;"
                  >
                    <div
                      class="makeStyles-topTextContainer-15"
                      style="border-bottom: 1px solid white;"
                    >
                      S
                    </div>
                    <div
                      class="makeStyles-bottomTextContainer-16"
                    >
                      SEV
                    </div>
                  </div>
                </div>
              </div>
            </div>
          </div>
          <div
            class="makeStyles-rowWrapper-8"
          >
            <div
              class="makeStyles-column-9"
            >
              <div
                class="makeStyles-iconWrapper-12"
              >
                <div
                  class="makeStyles-iconWrapper-13"
                  style="background: rgb(255, 137, 52);"
                >
                  <div
                    class="makeStyles-centerContainer-14"
                    style="border: 1px solid black; color: black;"
                  >
                    <div
                      class="makeStyles-topTextContainer-15"
                      style="border-bottom: 1px solid black;"
                    >
                      S
                    </div>
                    <div
                      class="makeStyles-bottomTextContainer-16"
                    >
                      MOD
                    </div>
                  </div>
                </div>
              </div>
            </div>
          </div>
          <div
            class="makeStyles-rowWrapper-8"
          >
            <div
              class="makeStyles-column-9"
            >
              <div
                class="makeStyles-iconWrapper-12"
              >
                <div
                  class="makeStyles-iconWrapper-13"
                  style="background: rgb(255, 245, 3);"
                >
                  <div
                    class="makeStyles-centerContainer-14"
                    style="border: 1px solid black; color: black;"
                  >
                    <div
                      class="makeStyles-topTextContainer-15"
                      style="border-bottom: 1px solid black;"
                    >
                      S
                    </div>
                    <div
                      class="makeStyles-bottomTextContainer-16"
                    >
                      MIL
                    </div>
                  </div>
                </div>
              </div>
            </div>
          </div>
        </div>
      </div>
    </div>
    <div
      class="makeStyles-actionsWrapper-3"
    >
      <div
        style="text-align: center; padding-top: 0.5rem;"
      >
        <mock-typography
          variant="h3"
        >
          ACTIONS
        </mock-typography>
      </div>
      <div
        class="makeStyles-actionBoxesWrapper-4"
      >
        <div
          class="makeStyles-actionBox-5"
          id="1"
        />
        <div
          class="makeStyles-actionBox-5"
          id="2"
        />
        <div
          class="makeStyles-actionBox-5"
          id="3"
        />
        <div
          class="makeStyles-actionBox-5"
          id="4"
        />
      </div>
    </div>
  </div>
</div>
`;
