// Jest Snapshot v1, https://goo.gl/fbAQLP

exports[`renders as expected 1`] = `
<div>
  <div
    class="makeStyles-root-1"
  >
    <mock-dialog
      open="false"
    >
      <mock-dialogtitle>
        <div
          class="makeStyles-titleWrapper-3"
        >
          <mock-typography
            variant="h2"
          >
            Actions undertaken
          </mock-typography>
          <button
            class="MuiButtonBase-root MuiIconButton-root"
            style="padding: 0px;"
            tabindex="0"
            type="button"
          >
            <span
              class="MuiIconButton-label"
            >
              <svg
                aria-hidden="true"
                class="MuiSvgIcon-root"
                focusable="false"
                viewBox="0 0 24 24"
              >
                <path
                  d="M12 2C6.47 2 2 6.47 2 12s4.47 10 10 10 10-4.47 10-10S17.53 2 12 2zm5 13.59L15.59 17 12 13.41 8.41 17 7 15.59 10.59 12 7 8.41 8.41 7 12 10.59 15.59 7 17 8.41 13.41 12 17 15.59z"
                />
              </svg>
            </span>
            <span
              class="MuiTouchRipple-root"
            />
          </button>
        </div>
      </mock-dialogtitle>
      <mock-dialogcontent
        dividers="true"
      >
        <div
          class="makeStyles-contentWrapper-4"
        />
      </mock-dialogcontent>
      <mock-dialogactions
        classname="makeStyles-dialogActionsWrapper-7"
      >
        <mock-button
          classname="makeStyles-dialogButton-8"
          starticon="[object Object]"
          variant="outlined"
        >
          <mock-typography>
            Close
          </mock-typography>
        </mock-button>
      </mock-dialogactions>
    </mock-dialog>
    <div
      class="makeStyles-districtViewWrapper-2"
    >
      <div
        class="makeStyles-windowWrapper-9"
      >
        <div
          style="text-align: center;"
        >
          <mock-typography
            classname="makeStyles-headerText-15"
            variant="h3"
          >
            Window 1
          </mock-typography>
        </div>
        <div
          class="makeStyles-tableWrapper-10"
        >
          <div
            class="makeStyles-headRowWrapper-12"
          >
            <div
              class="makeStyles-headColumn-13"
            >
              <mock-typography
                classname="makeStyles-monthText-16"
              >
                September
              </mock-typography>
            </div>
            <div
              class="makeStyles-headColumn-13"
            >
              <mock-typography
                classname="makeStyles-monthText-16"
              >
                October
              </mock-typography>
            </div>
          </div>
          <div
            class="makeStyles-rowWrapper-11"
          >
            <div
              class="makeStyles-column-14"
            >
              <div
                class="makeStyles-iconWrapper-17"
              >
                <div
                  class="makeStyles-iconWrapper-22"
                  style="background: rgb(255, 213, 45);"
                >
                  <div
                    class="makeStyles-centerContainer-23"
                    style="border: 1px solid black; color: black;"
                  >
                    <div
                      class="makeStyles-topTextContainer-24"
                      style="border-bottom: 1px solid black;"
                    >
                      R
                    </div>
                    <div
                      class="makeStyles-bottomTextContainer-25"
                    >
                      MOD
                    </div>
                  </div>
                </div>
              </div>
            </div>
            <div
              class="makeStyles-column-14"
            >
              <div
                class="makeStyles-iconWrapper-17"
              >
                <div
                  class="makeStyles-iconWrapper-22"
                  style="background: rgb(255, 213, 45);"
                >
                  <div
                    class="makeStyles-centerContainer-23"
                    style="border: 1px solid black; color: black;"
                  >
                    <div
                      class="makeStyles-topTextContainer-24"
                      style="border-bottom: 1px solid black;"
                    >
                      R
                    </div>
                    <div
                      class="makeStyles-bottomTextContainer-25"
                    >
                      MOD
                    </div>
                  </div>
                </div>
              </div>
            </div>
          </div>
        </div>
        <div
          class="makeStyles-actionsWrapper-18"
        >
          <div
            style="text-align: center; padding-top: 0.5rem;"
          >
            <mock-typography
              variant="h3"
            >
              ACTIONS
            </mock-typography>
          </div>
          <div
            class="makeStyles-actionBoxesWrapper-19"
          >
            <button
              class="makeStyles-actionBox-20"
              id="2023-09-01"
              style="justify-content: center; cursor: pointer;"
              type="button"
            >
              <mock-tooltip
                title="Launching tenders and other Procurement procedures"
              >
                <div>
                  <svg
                    aria-hidden="true"
                    class="MuiSvgIcon-root"
                    focusable="false"
                    viewBox="0 0 24 24"
                  >
                    <path
                      d="M22 11V3h-7v3H9V3H2v8h7V8h2v10h4v3h7v-8h-7v3h-2V8h2v3z"
                    />
                  </svg>
                </div>
              </mock-tooltip>
            </button>
            <button
              class="makeStyles-actionBox-20"
              id="2023-10-01"
              style="justify-content: center; cursor: pointer;"
              type="button"
            >
              <mock-tooltip
                title="Launching tenders and other Procurement procedures"
              >
                <div>
                  <svg
                    aria-hidden="true"
                    class="MuiSvgIcon-root"
                    focusable="false"
                    viewBox="0 0 24 24"
                  >
                    <path
                      d="M22 11V3h-7v3H9V3H2v8h7V8h2v10h4v3h7v-8h-7v3h-2V8h2v3z"
                    />
                  </svg>
                </div>
              </mock-tooltip>
            </button>
          </div>
        </div>
      </div>
    </div>
  </div>
</div>
`;
