// Jest Snapshot v1, https://jestjs.io/docs/snapshot-testing

exports[`renders as expected 1`] = `
<div>
  <div
    class="MuiBox-root css-h6aai"
  >
    <div
      class="MuiBox-root css-125g56z"
    >
      <div
        class="MuiBox-root css-g5ayls"
      >
        <div
          class="MuiBox-root css-polc7c"
        >
          <mock-layer-dropdown
            label="Hazard Layer"
            placeholder="Choose hazard layer"
            type="wms"
            value=""
          />
        </div>
      </div>
      <div
        class="MuiBox-root css-g5ayls"
      >
        <p
          class="MuiTypography-root MuiTypography-body2 css-1p5whhv-MuiTypography-root"
        >
          Threshold
        </p>
        <div
          class="MuiBox-root css-1s9wi3z"
        >
          <div
            class="MuiFormControl-root MuiTextField-root css-bnyed2-MuiFormControl-root-MuiTextField-root"
          >
            <label
              class="MuiFormLabel-root MuiInputLabel-root MuiInputLabel-formControl MuiInputLabel-animated MuiInputLabel-outlined MuiFormLabel-colorPrimary MuiInputLabel-root MuiInputLabel-formControl MuiInputLabel-animated MuiInputLabel-outlined css-y2rmh8-MuiFormLabel-root-MuiInputLabel-root"
              data-shrink="false"
              for="filled-number"
              id="filled-number-label"
            >
              Below
            </label>
            <div
              class="MuiInputBase-root MuiOutlinedInput-root MuiInputBase-colorPrimary MuiInputBase-formControl css-w8gzni-MuiInputBase-root-MuiOutlinedInput-root"
            >
              <input
                aria-invalid="false"
                class="MuiInputBase-input MuiOutlinedInput-input css-1u12qok-MuiInputBase-input-MuiOutlinedInput-input"
                id="filled-number"
                type="number"
                value=""
              />
              <fieldset
                aria-hidden="true"
                class="MuiOutlinedInput-notchedOutline css-18p5xg2-MuiNotchedOutlined-root-MuiOutlinedInput-notchedOutline"
              >
                <legend
                  class="css-1n64csd-MuiNotchedOutlined-root"
                >
                  <span>
                    Below
                  </span>
                </legend>
              </fieldset>
            </div>
          </div>
          <div
            class="MuiFormControl-root MuiTextField-root css-bnyed2-MuiFormControl-root-MuiTextField-root"
          >
            <label
              class="MuiFormLabel-root MuiInputLabel-root MuiInputLabel-formControl MuiInputLabel-animated MuiInputLabel-outlined MuiFormLabel-colorPrimary MuiInputLabel-root MuiInputLabel-formControl MuiInputLabel-animated MuiInputLabel-outlined css-y2rmh8-MuiFormLabel-root-MuiInputLabel-root"
              data-shrink="false"
              for="filled-number"
              id="filled-number-label"
            >
              Above
            </label>
            <div
              class="MuiInputBase-root MuiOutlinedInput-root MuiInputBase-colorPrimary MuiInputBase-formControl css-w8gzni-MuiInputBase-root-MuiOutlinedInput-root"
            >
              <input
                aria-invalid="false"
                class="MuiInputBase-input MuiOutlinedInput-input css-1u12qok-MuiInputBase-input-MuiOutlinedInput-input"
                id="filled-number"
                type="number"
                value=""
              />
              <fieldset
                aria-hidden="true"
                class="MuiOutlinedInput-notchedOutline css-18p5xg2-MuiNotchedOutlined-root-MuiOutlinedInput-notchedOutline"
              >
                <legend
                  class="css-1n64csd-MuiNotchedOutlined-root"
                >
                  <span>
                    Above
                  </span>
                </legend>
              </fieldset>
            </div>
          </div>
        </div>
      </div>
      <div
        class="MuiBox-root css-g5ayls"
      >
        <p
          class="MuiTypography-root MuiTypography-body2 css-1p5whhv-MuiTypography-root"
        >
          Regions
        </p>
        <div
          class="MuiBox-root css-8atqhb"
        >
          <span
            class="MuiCircularProgress-root MuiCircularProgress-indeterminate MuiCircularProgress-colorInherit css-gxw4l9-MuiCircularProgress-root"
            role="progressbar"
            style="width: 24px; height: 24px; padding: 2px;"
          >
            <svg
              class="MuiCircularProgress-svg css-54pwck-MuiCircularProgress-svg"
              viewBox="22 22 44 44"
            >
              <circle
                class="MuiCircularProgress-circle css-19t5dcl-MuiCircularProgress-circle"
                cx="44"
                cy="44"
                fill="none"
                r="20.2"
                stroke-width="3.6"
              />
            </svg>
          </span>
        </div>
      </div>
      <div
        class="MuiBox-root css-g5ayls"
      >
        <div
          class="MuiFormControl-root MuiFormControl-fullWidth MuiTextField-root css-cmpglg-MuiFormControl-root-MuiTextField-root"
        >
          <label
            class="MuiFormLabel-root MuiInputLabel-root MuiInputLabel-formControl MuiInputLabel-animated MuiInputLabel-outlined MuiFormLabel-colorPrimary MuiInputLabel-root MuiInputLabel-formControl MuiInputLabel-animated MuiInputLabel-outlined css-y2rmh8-MuiFormLabel-root-MuiInputLabel-root"
            data-shrink="false"
            for="alert-name"
            id="alert-name-label"
            style="color: black;"
          >
            Alert Name
          </label>
          <div
            class="MuiInputBase-root MuiOutlinedInput-root MuiInputBase-colorPrimary MuiInputBase-fullWidth MuiInputBase-formControl css-8aqxu0-MuiInputBase-root-MuiOutlinedInput-root"
            style="color: black;"
          >
            <input
              aria-invalid="false"
              class="MuiInputBase-input MuiOutlinedInput-input css-1u12qok-MuiInputBase-input-MuiOutlinedInput-input"
              id="alert-name"
              type="text"
              value=""
            />
            <fieldset
              aria-hidden="true"
              class="MuiOutlinedInput-notchedOutline css-18p5xg2-MuiNotchedOutlined-root-MuiOutlinedInput-notchedOutline"
            >
              <legend
                class="css-1n64csd-MuiNotchedOutlined-root"
              >
                <span>
                  Alert Name
                </span>
              </legend>
            </fieldset>
          </div>
        </div>
      </div>
      <div
        class="MuiBox-root css-g5ayls"
      >
        <div
          class="MuiFormControl-root MuiFormControl-fullWidth MuiTextField-root css-cmpglg-MuiFormControl-root-MuiTextField-root"
        >
          <label
            class="MuiFormLabel-root MuiInputLabel-root MuiInputLabel-formControl MuiInputLabel-animated MuiInputLabel-outlined MuiFormLabel-colorPrimary MuiInputLabel-root MuiInputLabel-formControl MuiInputLabel-animated MuiInputLabel-outlined css-y2rmh8-MuiFormLabel-root-MuiInputLabel-root"
            data-shrink="false"
            for="email-address"
            id="email-address-label"
            style="color: black;"
          >
            Email Address
          </label>
          <div
            class="MuiInputBase-root MuiOutlinedInput-root MuiInputBase-colorPrimary MuiInputBase-fullWidth MuiInputBase-formControl css-8aqxu0-MuiInputBase-root-MuiOutlinedInput-root"
            style="color: black;"
          >
            <input
              aria-invalid="false"
              class="MuiInputBase-input MuiOutlinedInput-input css-1u12qok-MuiInputBase-input-MuiOutlinedInput-input"
              id="email-address"
              type="text"
            />
            <fieldset
              aria-hidden="true"
              class="MuiOutlinedInput-notchedOutline css-18p5xg2-MuiNotchedOutlined-root-MuiOutlinedInput-notchedOutline"
            >
              <legend
                class="css-1n64csd-MuiNotchedOutlined-root"
              >
                <span>
                  Email Address
                </span>
              </legend>
            </fieldset>
          </div>
        </div>
      </div>
    </div>
    <button
      class="MuiButtonBase-root Mui-disabled MuiButton-root MuiButton-text MuiButton-sizeMedium MuiButton-colorPrimary css-1jsstwx-MuiButtonBase-root-MuiButton-root"
      disabled=""
      tabindex="-1"
      type="button"
    >
      <p
        class="MuiTypography-root MuiTypography-body2 css-1p5whhv-MuiTypography-root"
        style="color: white;"
      >
        Create Alert
      </p>
    </button>
  </div>
</div>
`;
