// Jest Snapshot v1, https://goo.gl/fbAQLP

exports[`render AnalyserButton as expected 1`] = `
<div>
  <mock-button
    classname="AnalyserButton-innerAnalysisButton-1"
    disabled="false"
  >
    <mock-typography
      variant="body2"
    >
      Run Analysis
    </mock-typography>
  </mock-button>
</div>
`;
