// Jest Snapshot v1, https://goo.gl/fbAQLP

exports[`renders as expected 1`] = `
<div>
  <div
    class="MuiGrid-root Analyser-analyser-1 MuiGrid-item"
  >
    <mock-button
      color="primary"
      variant="contained"
    >
      <mock-barchart
        fontsize="small"
      />
      <mock-typography
        classname="Analyser-analyserLabel-2"
        variant="body2"
      >
        Run Analysis
      </mock-typography>
      <mock-arrowdropdown
        fontsize="small"
      />
    </mock-button>
    <div
      class="MuiBox-root MuiBox-root-14 Analyser-analyserMenu-3"
    >
      <div>
        <div
          class="Analyser-newAnalyserContainer-6"
        >
          <div
            class="Analyser-analyserOptions-5"
          >
            <mock-typography
              variant="body2"
            >
              Hazard Layer
            </mock-typography>
            <mock-layer-dropdown
              classname="Analyser-selector-10"
              placeholder="Choose hazard layer"
              type="wms"
            />
          </div>
        </div>
        <mock-button
          classname="Analyser-innerAnalysisButton-8"
          disabled="true"
        >
          <mock-typography
            variant="body2"
          >
            Run Analysis
          </mock-typography>
        </mock-button>
      </div>
    </div>
  </div>
</div>
`;
