// Jest Snapshot v1, https://jestjs.io/docs/snapshot-testing

exports[`renders as expected 1`] = `
<div>
  <li
    class="MuiListItem-root MuiListItem-dense MuiListItem-padding css-r9txlw-MuiListItem-root"
  >
    <div
      class="MuiPaper-root MuiPaper-elevation MuiPaper-rounded MuiPaper-elevation1 legend-card css-122sbun-MuiPaper-root"
      style="--Paper-shadow: 0px 2px 1px -1px rgba(0,0,0,0.2),0px 1px 1px 0px rgba(0,0,0,0.14),0px 1px 3px 0px rgba(0,0,0,0.12);"
    >
      <h3
        class="MuiTypography-root MuiTypography-h3 css-ae1vz0-MuiTypography-root"
        style="font-weight: bold;"
      >
        Phases
      </h3>
      <div
        class="MuiBox-root css-1sv661k"
      >
        <div
          class="MuiBox-root css-bbpwv7"
        >
          <div
            class="MuiBox-root css-nqs5w4"
          >
            <div
              class="MuiBox-root css-fi9omk"
              style="border: 1px solid white; color: white;"
            >
              <div
                class="MuiBox-root css-1g5ndk4"
                style="border-bottom: 1px solid white; background: rgb(131, 31, 0);"
              >
                S
              </div>
              <div
                class="MuiBox-root css-1vqiaa9"
                style="background: rgb(131, 31, 0);"
              >
                SEV
              </div>
            </div>
          </div>
          <div>
            <p
              class="MuiTypography-root MuiTypography-body1 css-l0p3u8-MuiTypography-root"
              style="white-space: nowrap;"
            >
              Set
            </p>
            <p
              class="MuiTypography-root MuiTypography-body1 css-l0p3u8-MuiTypography-root"
              style="white-space: nowrap;"
            >
              Severe
            </p>
          </div>
        </div>
        <div
          class="MuiBox-root css-bbpwv7"
        >
          <div
            class="MuiBox-root css-nqs5w4"
          >
            <div
              class="MuiBox-root css-fi9omk"
              style="border: 1px solid white; color: white;"
            >
              <div
                class="MuiBox-root css-1g5ndk4"
                style="border-bottom: 1px solid white; background: rgb(230, 55, 1);"
              >
                R
              </div>
              <div
                class="MuiBox-root css-1vqiaa9"
                style="background: rgb(230, 55, 1);"
              >
                SEV
              </div>
            </div>
          </div>
          <div>
            <p
              class="MuiTypography-root MuiTypography-body1 css-l0p3u8-MuiTypography-root"
              style="white-space: nowrap;"
            >
              Ready
            </p>
            <p
              class="MuiTypography-root MuiTypography-body1 css-l0p3u8-MuiTypography-root"
              style="white-space: nowrap;"
            >
              Severe
            </p>
          </div>
        </div>
        <div
          class="MuiBox-root css-bbpwv7"
        >
          <div
            class="MuiBox-root css-nqs5w4"
          >
            <div
              class="MuiBox-root css-fi9omk"
              style="border: 1px solid black; color: black;"
            >
              <div
                class="MuiBox-root css-1g5ndk4"
                style="border-bottom: 1px solid black; background: rgb(255, 137, 52);"
              >
                S
              </div>
              <div
                class="MuiBox-root css-1vqiaa9"
                style="background: rgb(255, 137, 52);"
              >
                MOD
              </div>
            </div>
          </div>
          <div>
            <p
              class="MuiTypography-root MuiTypography-body1 css-l0p3u8-MuiTypography-root"
              style="white-space: nowrap;"
            >
              Set
            </p>
            <p
              class="MuiTypography-root MuiTypography-body1 css-l0p3u8-MuiTypography-root"
              style="white-space: nowrap;"
            >
              Moderate
            </p>
          </div>
        </div>
        <div
          class="MuiBox-root css-bbpwv7"
        >
          <div
            class="MuiBox-root css-nqs5w4"
          >
            <div
              class="MuiBox-root css-fi9omk"
              style="border: 1px solid black; color: black;"
            >
              <div
                class="MuiBox-root css-1g5ndk4"
                style="border-bottom: 1px solid black; background: rgb(255, 213, 45);"
              >
                R
              </div>
              <div
                class="MuiBox-root css-1vqiaa9"
                style="background: rgb(255, 213, 45);"
              >
                MOD
              </div>
            </div>
          </div>
          <div>
            <p
              class="MuiTypography-root MuiTypography-body1 css-l0p3u8-MuiTypography-root"
              style="white-space: nowrap;"
            >
              Ready
            </p>
            <p
              class="MuiTypography-root MuiTypography-body1 css-l0p3u8-MuiTypography-root"
              style="white-space: nowrap;"
            >
              Moderate
            </p>
          </div>
        </div>
        <div
          class="MuiBox-root css-bbpwv7"
        >
          <div
            class="MuiBox-root css-nqs5w4"
          >
            <div
              class="MuiBox-root css-fi9omk"
              style="border: 1px solid black; color: black;"
            >
              <div
                class="MuiBox-root css-1g5ndk4"
                style="border-bottom: 1px solid black; background: rgb(255, 245, 3);"
              >
                S
              </div>
              <div
                class="MuiBox-root css-1vqiaa9"
                style="background: rgb(255, 245, 3);"
              >
                MIL
              </div>
            </div>
          </div>
          <div>
            <p
              class="MuiTypography-root MuiTypography-body1 css-l0p3u8-MuiTypography-root"
              style="white-space: nowrap;"
            >
              Set
            </p>
            <p
              class="MuiTypography-root MuiTypography-body1 css-l0p3u8-MuiTypography-root"
              style="white-space: nowrap;"
            >
              Mild
            </p>
          </div>
        </div>
        <div
          class="MuiBox-root css-bbpwv7"
        >
          <div
            class="MuiBox-root css-nqs5w4"
          >
            <div
              class="MuiBox-root css-fi9omk"
              style="border: 1px solid black; color: black;"
            >
              <div
                class="MuiBox-root css-1g5ndk4"
                style="border-bottom: 1px solid black; background: rgb(255, 252, 179);"
              >
                R
              </div>
              <div
                class="MuiBox-root css-1vqiaa9"
                style="background: rgb(255, 252, 179);"
              >
                MIL
              </div>
            </div>
          </div>
          <div>
            <p
              class="MuiTypography-root MuiTypography-body1 css-l0p3u8-MuiTypography-root"
              style="white-space: nowrap;"
            >
              Ready
            </p>
            <p
              class="MuiTypography-root MuiTypography-body1 css-l0p3u8-MuiTypography-root"
              style="white-space: nowrap;"
            >
              Mild
            </p>
          </div>
        </div>
        <div
          class="MuiBox-root css-bbpwv7"
        >
          <div
            class="MuiBox-root css-nqs5w4"
          >
            <div
              class="MuiBox-root css-fi9omk"
              style="border: 1px solid black; color: black;"
            >
              <div
                class="MuiBox-root css-1g5ndk4"
                style="background: rgb(241, 241, 241);"
              >
                na
              </div>
            </div>
          </div>
          <div>
            <p
              class="MuiTypography-root MuiTypography-body1 css-l0p3u8-MuiTypography-root"
              style="white-space: nowrap;"
            >
              No Action
            </p>
          </div>
        </div>
        <div
          class="MuiBox-root css-bbpwv7"
        >
          <div
            class="MuiBox-root css-nqs5w4"
          >
            <div
              class="MuiBox-root css-fi9omk"
              style="border: 1px solid black; color: black;"
            >
              <div
                class="MuiBox-root css-1g5ndk4"
                style="background: rgb(241, 241, 241);"
              >
                ny
              </div>
            </div>
          </div>
          <div>
            <p
              class="MuiTypography-root MuiTypography-body1 css-l0p3u8-MuiTypography-root"
              style="white-space: nowrap;"
            >
              Not Yet Monitored
            </p>
          </div>
        </div>
      </div>
      <p
        class="MuiTypography-root MuiTypography-body1 css-l0p3u8-MuiTypography-root"
      >
        <span
          class="MuiBox-root css-uxl50f"
          role="button"
          tabindex="0"
        >
          The "Ready, Set & Go!" system
        </span>
         
        uses seasonal forecasts with longer lead time for preparedness (Ready phase) and shorter lead times for activation and mobilization (Set & Go! phases).
      </p>
      <hr
        class="MuiDivider-root MuiDivider-fullWidth css-1jpc804-MuiDivider-root"
      />
      <h3
        class="MuiTypography-root MuiTypography-h3 css-ae1vz0-MuiTypography-root"
        style="font-weight: bold;"
      >
        Districts
      </h3>
      <div
        class="MuiBox-root css-8g8ihq"
      >
        <div
          class="MuiBox-root css-bbpwv7"
        >
          <div
            class="MuiBox-root css-44q8wx"
          />
          <p
            class="MuiTypography-root MuiTypography-body1 css-l0p3u8-MuiTypography-root"
          >
            District
          </p>
        </div>
        <div
          class="MuiBox-root css-bbpwv7"
        >
          <div
            class="MuiBox-root css-1ylet1o"
          >
            NEW
          </div>
          <p
            class="MuiTypography-root MuiTypography-body1 css-l0p3u8-MuiTypography-root"
          >
            District in new phase this month
          </p>
        </div>
      </div>
    </div>
  </li>
</div>
`;
