// Jest Snapshot v1, https://goo.gl/fbAQLP

exports[`renders as expected 1`] = `
<div>
  <mock-listitem
    dense="true"
    disablegutters="true"
  >
    <div
      class="MuiPaper-root makeStyles-paper-1 MuiPaper-elevation1 MuiPaper-rounded"
    >
      <mock-typography
        variant="h2"
      >
        Phases
      </mock-typography>
      <div
        style="display: flex; flex-direction: column; gap: 1rem;"
      >
        <div
          class="makeStyles-itemWrapper-2"
        >
          <div
            class="makeStyles-iconWrapper-12"
          >
            <div
              class="makeStyles-centerContainer-13"
              style="border: 1px solid white; color: white;"
            >
              <div
                class="makeStyles-topTextContainer-14"
                style="border-bottom: 1px solid white; background: rgb(131, 31, 0);"
              >
                S
              </div>
              <div
                class="makeStyles-bottomTextContainer-15"
                style="background: rgb(131, 31, 0);"
              >
                SEV
              </div>
            </div>
          </div>
          <div>
            <mock-typography
              style="white-space: nowrap;"
              variant="h3"
            >
              Set
            </mock-typography>
            <mock-typography
              style="white-space: nowrap;"
              variant="h3"
            >
              Severe
            </mock-typography>
          </div>
        </div>
        <div
          class="makeStyles-itemWrapper-2"
        >
          <div
            class="makeStyles-iconWrapper-12"
          >
            <div
              class="makeStyles-centerContainer-13"
              style="border: 1px solid white; color: white;"
            >
              <div
                class="makeStyles-topTextContainer-14"
                style="border-bottom: 1px solid white; background: rgb(230, 55, 1);"
              >
                R
              </div>
              <div
                class="makeStyles-bottomTextContainer-15"
                style="background: rgb(230, 55, 1);"
              >
                SEV
              </div>
            </div>
          </div>
          <div>
            <mock-typography
              style="white-space: nowrap;"
              variant="h3"
            >
              Ready
            </mock-typography>
            <mock-typography
              style="white-space: nowrap;"
              variant="h3"
            >
              Severe
            </mock-typography>
          </div>
        </div>
        <div
          class="makeStyles-itemWrapper-2"
        >
          <div
            class="makeStyles-iconWrapper-12"
          >
            <div
              class="makeStyles-centerContainer-13"
              style="border: 1px solid black; color: black;"
            >
              <div
                class="makeStyles-topTextContainer-14"
                style="border-bottom: 1px solid black; background: rgb(241, 241, 241);"
              >
                na
              </div>
              <div
                class="makeStyles-bottomTextContainer-15"
                style="background: rgb(241, 241, 241);"
              >
                SEV
              </div>
            </div>
          </div>
          <div>
            <mock-typography
              style="white-space: nowrap;"
              variant="h3"
            >
              No Action
            </mock-typography>
            <mock-typography
              style="white-space: nowrap;"
              variant="h3"
            >
              Severe
            </mock-typography>
          </div>
        </div>
        <div
          class="makeStyles-itemWrapper-2"
        >
          <div
            class="makeStyles-iconWrapper-12"
          >
            <div
              class="makeStyles-centerContainer-13"
              style="border: 1px solid black; color: black;"
            >
              <div
                class="makeStyles-topTextContainer-14"
                style="border-bottom: 1px solid black; background: rgb(255, 137, 52);"
              >
                S
              </div>
              <div
                class="makeStyles-bottomTextContainer-15"
                style="background: rgb(255, 137, 52);"
              >
                MOD
              </div>
            </div>
          </div>
          <div>
            <mock-typography
              style="white-space: nowrap;"
              variant="h3"
            >
              Set
            </mock-typography>
            <mock-typography
              style="white-space: nowrap;"
              variant="h3"
            >
              Moderate
            </mock-typography>
          </div>
        </div>
        <div
          class="makeStyles-itemWrapper-2"
        >
          <div
            class="makeStyles-iconWrapper-12"
          >
            <div
              class="makeStyles-centerContainer-13"
              style="border: 1px solid black; color: black;"
            >
              <div
                class="makeStyles-topTextContainer-14"
                style="border-bottom: 1px solid black; background: rgb(255, 213, 45);"
              >
                R
              </div>
              <div
                class="makeStyles-bottomTextContainer-15"
                style="background: rgb(255, 213, 45);"
              >
                MOD
              </div>
            </div>
          </div>
          <div>
            <mock-typography
              style="white-space: nowrap;"
              variant="h3"
            >
              Ready
            </mock-typography>
            <mock-typography
              style="white-space: nowrap;"
              variant="h3"
            >
              Moderate
            </mock-typography>
          </div>
        </div>
        <div
          class="makeStyles-itemWrapper-2"
        >
          <div
            class="makeStyles-iconWrapper-12"
          >
            <div
              class="makeStyles-centerContainer-13"
              style="border: 1px solid black; color: black;"
            >
              <div
                class="makeStyles-topTextContainer-14"
                style="border-bottom: 1px solid black; background: rgb(241, 241, 241);"
              >
                na
              </div>
              <div
                class="makeStyles-bottomTextContainer-15"
                style="background: rgb(241, 241, 241);"
              >
                MOD
              </div>
            </div>
          </div>
          <div>
            <mock-typography
              style="white-space: nowrap;"
              variant="h3"
            >
              No Action
            </mock-typography>
            <mock-typography
              style="white-space: nowrap;"
              variant="h3"
            >
              Moderate
            </mock-typography>
          </div>
        </div>
        <div
          class="makeStyles-itemWrapper-2"
        >
          <div
            class="makeStyles-phaseNy-3"
          />
          <div>
            <mock-typography
              variant="h3"
            >
              AA triggers not yet monitored
            </mock-typography>
          </div>
        </div>
      </div>
      <mock-typography>
        The
         
        <span
          style="font-weight: bold; text-decoration: underline;"
        >
          “Ready, Set & Go!” system
        </span>
         
        uses seasonal forecasts with longer lead time for preparedness (Ready phase) and shorter lead times for activation and mobilization (Set & Go! phases).
      </mock-typography>
      <mock-divider />
      <mock-typography
        variant="h2"
      >
        Districts
      </mock-typography>
      <div
        style="display: flex; flex-direction: column; gap: 1rem;"
      >
        <div
          class="makeStyles-itemWrapper-2"
        >
          <div
            style="min-width: 2.2rem; border: 1px solid #a4a4a4; border-radius: 2px;"
          />
          <mock-typography>
            District
          </mock-typography>
        </div>
        <div
          class="makeStyles-itemWrapper-2"
        >
          <div
            class="makeStyles-newTag-11"
          >
            NEW
          </div>
          <mock-typography>
            District in new phase this month
          </mock-typography>
        </div>
      </div>
    </div>
  </mock-listitem>
</div>
`;
