// Jest Snapshot v1, https://goo.gl/fbAQLP

exports[`renders as expected 1`] = `
<div>
  <div
    class="Category-container-1"
  >
    <mock-typography
      classname="Category-title-3"
      variant="body2"
    >
      Category 1
    </mock-typography>
    <hr />
    <div
      class="Category-listContainer-2"
    >
      <mock-switch
        color="default"
        inputprops="[object Object]"
        size="small"
      />
       
      <mock-typography
        variant="body1"
      >
        layer
      </mock-typography>
    </div>
  </div>
</div>
`;
