// Jest Snapshot v1, https://goo.gl/fbAQLP

exports[`renders as expected 1`] = `
<div>
  <mock-notifier />
  <div
    id="app"
  >
    <mock-navbar />
    <div
      style="padding-top: 56px; height: calc(100% - 56px);"
    >
      <mock-mapview />
      <mock-authmodal />
    </div>
  </div>
</div>
`;
