// Jest Snapshot v1, https://jestjs.io/docs/snapshot-testing

exports[`renders as expected 1`] = `
<div>
  <div
    class="MuiGrid-root MuiGrid-direction-xs-row MuiGrid-grid-xs-grow css-65xsgw-MuiGrid-root"
    data-date-index="0"
    data-mui-internal-clone-element="true"
  >
    <div />
    <div
      class="prism-timeline-day-item MuiBox-root css-f9ui2e"
      role="presentation"
    />
  </div>
</div>
`;
