// Jest Snapshot v1, https://jestjs.io/docs/snapshot-testing

exports[`renders as expected 1`] = `
<div>
  <mock-tooltip
    arrow="true"
    classes="[object Object]"
    placement="top"
    title="[object Object]"
    transitioncomponent="[object Object]"
    transitionprops="[object Object]"
  >
    <div
      class="MuiGrid-root makeStyles-dateItem-3 MuiGrid-item MuiGrid-grid-xs-true"
      data-date-index="0"
    >
      <div />
      <div
        class="makeStyles-dayItem-21"
      />
    </div>
  </mock-tooltip>
</div>
`;
