// Jest Snapshot v1, https://jestjs.io/docs/snapshot-testing

exports[`renders as expected 1`] = `
<div>
  <div
    class="MuiGrid-root MuiGrid-direction-xs-row MuiGrid-grid-xs-grow makeStyles-dateItem-3 css-1ynczkt-MuiGrid-root"
    data-date-index="0"
    data-mui-internal-clone-element="true"
  >
    <div />
    <div
      class="makeStyles-dayItem-19"
    />
  </div>
</div>
`;
