// Jest Snapshot v1, https://goo.gl/fbAQLP

exports[`renders as expected 1`] = `
<div>
  <div
    class="AlertForm-AlertForm-1"
  >
    <mock-button
      color="primary"
      variant="contained"
    >
      <svg
        aria-hidden="true"
        class="svg-inline--fa fa-bell fa-w-14 "
        data-icon="bell"
        data-prefix="fas"
        focusable="false"
        role="img"
        style="margin-right: 10px; font-size: 1.6em;"
        viewBox="0 0 448 512"
        xmlns="http://www.w3.org/2000/svg"
      >
        <path
          d="M224 512c35.32 0 63.97-28.65 63.97-64H160.03c0 35.35 28.65 64 63.97 64zm215.39-149.71c-19.32-20.76-55.47-51.99-55.47-154.29 0-77.7-54.48-139.9-127.94-155.16V32c0-17.67-14.32-32-31.98-32s-31.98 14.33-31.98 32v20.84C118.56 68.1 64.08 130.3 64.08 208c0 102.3-36.15 133.53-55.47 154.29-6 6.45-8.66 14.16-8.61 21.71.11 16.4 12.98 32 32.1 32h383.8c19.12 0 32-15.6 32.1-32 .05-7.55-2.61-15.27-8.61-21.71z"
          fill="currentColor"
        />
      </svg>
      <mock-typography
        variant="body2"
      >
        Create Alert
      </mock-typography>
      <svg
        aria-hidden="true"
        class="svg-inline--fa fa-caret-down fa-w-10 "
        data-icon="caret-down"
        data-prefix="fas"
        focusable="false"
        role="img"
        style="margin-left: 10px;"
        viewBox="0 0 320 512"
        xmlns="http://www.w3.org/2000/svg"
      >
        <path
          d="M31.3 192h257.3c17.8 0 26.7 21.5 14.1 34.1L174.1 354.8c-7.8 7.8-20.5 7.8-28.3 0L17.2 226.1C4.6 213.5 13.5 192 31.3 192z"
          fill="currentColor"
        />
      </svg>
    </mock-button>
    <div
      class="MuiBox-root MuiBox-root-12 AlertForm-AlertFormMenu-2"
    >
      <div>
        <div
          class="AlertForm-newAlertFormContainer-5"
        >
          <div
            class="AlertForm-AlertFormOptions-4"
          >
            <mock-typography
              variant="body2"
            >
              Hazard Layer
            </mock-typography>
            <mock-layer-dropdown
              classname="AlertForm-selector-9"
              placeholder="Choose hazard layer"
              title="Hazard Layer"
              type="wms"
            />
          </div>
          <div
            class="AlertForm-AlertFormOptions-4"
          >
            <mock-typography
              variant="body2"
            >
              Statistic
            </mock-typography>
            <div
              class="MuiFormControl-root"
            >
              <div
                class="MuiInputBase-root MuiInput-root MuiInput-underline MuiInputBase-formControl MuiInput-formControl"
              >
                <div
                  aria-haspopup="listbox"
                  aria-labelledby="select-statistic"
                  class="MuiSelect-root MuiSelect-select MuiSelect-selectMenu MuiInputBase-input MuiInput-input"
                  id="select-statistic"
                  role="button"
                  tabindex="0"
                >
                  Choose a statistic
                </div>
                <input
                  aria-hidden="true"
                  class="MuiSelect-nativeInput"
                  tabindex="-1"
                  value="placeholder"
                />
                <svg
                  aria-hidden="true"
                  class="MuiSvgIcon-root MuiSelect-icon"
                  focusable="false"
                  viewBox="0 0 24 24"
                >
                  <path
                    d="M7 10l5 5 5-5z"
                  />
                </svg>
                <mock-menu
                  anchorel="[object HTMLDivElement]"
                  id="menu-"
                  menulistprops="[object Object]"
                  open="false"
                  paperprops="[object Object]"
                >
                  <mock-menuitem
                    aria-selected="true"
                    data-value="placeholder"
                    disabled="true"
                    role="option"
                    selected="true"
                    style="color: black;"
                  >
                    Choose a statistic
                  </mock-menuitem>
                  <mock-menuitem
                    data-value="minbelow"
                    role="option"
                    selected="false"
                    style="color: black;"
                  >
                    Minimum Below
                  </mock-menuitem>
                  <mock-menuitem
                    data-value="maxabove"
                    role="option"
                    selected="false"
                    style="color: black;"
                  >
                    Maximum Above
                  </mock-menuitem>
                </mock-menu>
              </div>
            </div>
          </div>
          <div
            class="AlertForm-AlertFormOptions-4"
          >
            <mock-textfield
              classname="thresholdClass"
              id="threshold"
              label="Threshold"
              type="number"
              variant="filled"
            />
          </div>
          <div
            class="AlertForm-AlertFormOptions-4"
          >
            <div
              class="MuiInputBase-root MuiFilledInput-root MuiFilledInput-underline regionsListClass"
              style="max-width: 200px;"
            >
              <div
                aria-haspopup="listbox"
                aria-labelledby="regionsList"
                class="MuiSelect-root MuiSelect-select MuiSelect-selectMenu MuiSelect-filled MuiInputBase-input MuiFilledInput-input"
                id="regionsList"
                role="button"
                tabindex="0"
              >
                All
              </div>
              <input
                aria-hidden="true"
                class="MuiSelect-nativeInput"
                tabindex="-1"
                value="allRegions"
              />
              <svg
                aria-hidden="true"
                class="MuiSvgIcon-root MuiSelect-icon MuiSelect-iconFilled"
                focusable="false"
                viewBox="0 0 24 24"
              >
                <path
                  d="M7 10l5 5 5-5z"
                />
              </svg>
              <mock-menu
                anchorel="[object HTMLDivElement]"
                id="menu-"
                menulistprops="[object Object]"
                open="false"
                paperprops="[object Object]"
              >
                <mock-menuitem
                  aria-selected="true"
                  data-value="allRegions"
                  role="option"
                  selected="true"
                  style="color: black;"
                >
                  All
                </mock-menuitem>
                <li
                  class="MuiListSubheader-root MuiListSubheader-sticky MuiListSubheader-gutters"
                  role="option"
                >
                  Administrative Regions
                </li>
              </mock-menu>
            </div>
          </div>
          <div
            class="AlertForm-AlertFormOptions-4"
          >
            <mock-textfield
              classname="emailAddressClass"
              id="email-address"
              label="Email Address"
              type="text"
              variant="filled"
            />
          </div>
        </div>
        <mock-button
          classname="AlertForm-innerAnalysisButton-7"
          disabled="true"
        >
          <mock-typography
            variant="body2"
          >
            Create Alert
          </mock-typography>
        </mock-button>
      </div>
    </div>
  </div>
</div>
`;
