// Jest Snapshot v1, https://jestjs.io/docs/snapshot-testing

exports[`HomeTable renders as expected 1`] = `
<div>
  <div
    class="makeStyles-tableWrapper-1"
  >
    <div
      class="makeStyles-rowWrapper-11"
      style="height: 1.5rem;"
    >
      <div
        class="makeStyles-iconCol-12"
      />
      <div
        style="width: calc(100% - 3rem);"
      >
        <h4
          class="MuiTypography-root MuiTypography-h4 makeStyles-windowHeader-10 css-1iolqh3-MuiTypography-root"
        >
          Window 1
        </h4>
      </div>
    </div>
    <div
      class="makeStyles-rowWrapper-11"
    >
      <div
        class="makeStyles-iconCol-12"
      >
        <div
          class="makeStyles-iconWrapper-16"
          style="background: rgb(131, 31, 0);"
        >
          <div
            class="makeStyles-centerContainer-17"
            style="border: 1px solid white; color: white;"
          >
            <div
              class="makeStyles-topTextContainer-18"
              style="border-bottom: 1px solid white; background: rgb(131, 31, 0);"
            >
              S
            </div>
            <div
              class="makeStyles-bottomTextContainer-19"
              style="background: rgb(131, 31, 0);"
            >
              SEV
            </div>
          </div>
        </div>
      </div>
      <div
        style="width: calc(100% - 3rem);"
      >
        <div
          class="makeStyles-windowBackground-13"
        >
          <div
            class="makeStyles-tagWrapper-14"
          >
            <p
              class="MuiTypography-root MuiTypography-body1 makeStyles-emptyText-15 css-l0p3u8-MuiTypography-root"
            >
              (
              no district
              )
            </p>
          </div>
        </div>
      </div>
    </div>
    <div
      class="makeStyles-rowWrapper-11"
    >
      <div
        class="makeStyles-iconCol-12"
      >
        <div
          class="makeStyles-iconWrapper-16"
          style="background: rgb(230, 55, 1);"
        >
          <div
            class="makeStyles-centerContainer-17"
            style="border: 1px solid white; color: white;"
          >
            <div
              class="makeStyles-topTextContainer-18"
              style="border-bottom: 1px solid white; background: rgb(230, 55, 1);"
            >
              R
            </div>
            <div
              class="makeStyles-bottomTextContainer-19"
              style="background: rgb(230, 55, 1);"
            >
              SEV
            </div>
          </div>
        </div>
      </div>
      <div
        style="width: calc(100% - 3rem);"
      >
        <div
          class="makeStyles-windowBackground-13"
        >
          <div
            class="makeStyles-tagWrapper-14"
          >
            <p
              class="MuiTypography-root MuiTypography-body1 makeStyles-emptyText-15 css-l0p3u8-MuiTypography-root"
            >
              (
              no district
              )
            </p>
          </div>
        </div>
      </div>
    </div>
    <div
      class="makeStyles-rowWrapper-11"
    >
      <div
        class="makeStyles-iconCol-12"
      >
        <div
          class="makeStyles-iconWrapper-16"
          style="background: rgb(255, 137, 52);"
        >
          <div
            class="makeStyles-centerContainer-17"
            style="border: 1px solid black; color: black;"
          >
            <div
              class="makeStyles-topTextContainer-18"
              style="border-bottom: 1px solid black; background: rgb(255, 137, 52);"
            >
              S
            </div>
            <div
              class="makeStyles-bottomTextContainer-19"
              style="background: rgb(255, 137, 52);"
            >
              MOD
            </div>
          </div>
        </div>
      </div>
      <div
        style="width: calc(100% - 3rem);"
      >
        <div
          class="makeStyles-windowBackground-13"
        >
          <div
            class="makeStyles-tagWrapper-14"
          >
            <p
              class="MuiTypography-root MuiTypography-body1 makeStyles-emptyText-15 css-l0p3u8-MuiTypography-root"
            >
              (
              no district
              )
            </p>
          </div>
        </div>
      </div>
    </div>
    <div
      class="makeStyles-rowWrapper-11"
    >
      <div
        class="makeStyles-iconCol-12"
      >
        <div
          class="makeStyles-iconWrapper-16"
          style="background: rgb(255, 213, 45);"
        >
          <div
            class="makeStyles-centerContainer-17"
            style="border: 1px solid black; color: black;"
          >
            <div
              class="makeStyles-topTextContainer-18"
              style="border-bottom: 1px solid black; background: rgb(255, 213, 45);"
            >
              R
            </div>
            <div
              class="makeStyles-bottomTextContainer-19"
              style="background: rgb(255, 213, 45);"
            >
              MOD
            </div>
          </div>
        </div>
      </div>
      <div
        style="width: calc(100% - 3rem);"
      >
        <div
          class="makeStyles-windowBackground-13"
        >
          <div
            class="makeStyles-tagWrapper-14"
          >
            <button
              class="makeStyles-areaTagWrapper-20"
              type="button"
            >
              <p
                class="MuiTypography-root MuiTypography-body1 css-l0p3u8-MuiTypography-root"
              >
                Changara
              </p>
            </button>
          </div>
        </div>
      </div>
    </div>
    <div
      class="makeStyles-rowWrapper-11"
    >
      <div
        class="makeStyles-iconCol-12"
      >
        <div
          class="makeStyles-iconWrapper-16"
          style="background: rgb(255, 245, 3);"
        >
          <div
            class="makeStyles-centerContainer-17"
            style="border: 1px solid black; color: black;"
          >
            <div
              class="makeStyles-topTextContainer-18"
              style="border-bottom: 1px solid black; background: rgb(255, 245, 3);"
            >
              S
            </div>
            <div
              class="makeStyles-bottomTextContainer-19"
              style="background: rgb(255, 245, 3);"
            >
              MIL
            </div>
          </div>
        </div>
      </div>
      <div
        style="width: calc(100% - 3rem);"
      >
        <div
          class="makeStyles-windowBackground-13"
        >
          <div
            class="makeStyles-tagWrapper-14"
          >
            <p
              class="MuiTypography-root MuiTypography-body1 makeStyles-emptyText-15 css-l0p3u8-MuiTypography-root"
            >
              (
              no district
              )
            </p>
          </div>
        </div>
      </div>
    </div>
    <div
      class="makeStyles-rowWrapper-11"
    >
      <div
        class="makeStyles-iconCol-12"
      >
        <div
          class="makeStyles-iconWrapper-16"
          style="background: rgb(255, 252, 179);"
        >
          <div
            class="makeStyles-centerContainer-17"
            style="border: 1px solid black; color: black;"
          >
            <div
              class="makeStyles-topTextContainer-18"
              style="border-bottom: 1px solid black; background: rgb(255, 252, 179);"
            >
              R
            </div>
            <div
              class="makeStyles-bottomTextContainer-19"
              style="background: rgb(255, 252, 179);"
            >
              MIL
            </div>
          </div>
        </div>
      </div>
      <div
        style="width: calc(100% - 3rem);"
      >
        <div
          class="makeStyles-windowBackground-13"
        >
          <div
            class="makeStyles-tagWrapper-14"
          >
            <button
              class="makeStyles-areaTagWrapper-20"
              type="button"
            >
              <p
                class="MuiTypography-root MuiTypography-body1 css-l0p3u8-MuiTypography-root"
              >
                Changara
              </p>
            </button>
          </div>
        </div>
      </div>
    </div>
  </div>
  <div
    class="makeStyles-footerWrapper-2"
  >
    <div
      class="makeStyles-footerActionsWrapper-3"
    >
      <a
        class="MuiButtonBase-root MuiButton-root MuiButton-outlined MuiButton-sizeMedium MuiButton-colorPrimary MuiButton-fullWidth makeStyles-footerButton-5 css-nlocxw-MuiButtonBase-root-MuiButton-root"
        download="2023-12-01-aa_probabilities_triggers_moz.csv"
        href="https://data.earthobservation.vam.wfp.org/public-share/aa/aa_probabilities_triggers_moz.csv?date=2024-12-01-00-00"
        tabindex="0"
      >
        <span
          class="MuiButton-icon MuiButton-startIcon css-1eozbo-MuiButton-startIcon"
        >
          <svg
            aria-hidden="true"
            class="MuiSvgIcon-root MuiSvgIcon-fontSizeMedium css-1umw9bq-MuiSvgIcon-root"
            data-testid="GetAppIcon"
            focusable="false"
            viewBox="0 0 24 24"
          >
            <path
              d="M19 9h-4V3H9v6H5l7 7zM5 18v2h14v-2z"
            />
          </svg>
        </span>
        <p
          class="MuiTypography-root MuiTypography-body1 css-l0p3u8-MuiTypography-root"
        >
          Assets
        </p>
      </a>
      <button
        class="MuiButtonBase-root MuiButton-root MuiButton-outlined MuiButton-sizeMedium MuiButton-colorPrimary MuiButton-fullWidth makeStyles-footerButton-5 css-nlocxw-MuiButtonBase-root-MuiButton-root"
        tabindex="0"
        type="button"
      >
        <span
          class="MuiButton-icon MuiButton-startIcon css-1eozbo-MuiButton-startIcon"
        >
          <svg
            aria-hidden="true"
            class="MuiSvgIcon-root MuiSvgIcon-fontSizeMedium css-1umw9bq-MuiSvgIcon-root"
            data-testid="BarChartOutlinedIcon"
            focusable="false"
            viewBox="0 0 24 24"
          >
            <path
              d="M4 9h4v11H4zm12 4h4v7h-4zm-6-9h4v16h-4z"
            />
          </svg>
        </span>
        <p
          class="MuiTypography-root MuiTypography-body1 css-l0p3u8-MuiTypography-root"
        >
          Forecast
        </p>
      </button>
    </div>
    <div
      class="makeStyles-footerDialogsWrapper-4"
    >
      <button
        class="MuiTypography-root MuiTypography-body1 makeStyles-footerDialog-6 css-l0p3u8-MuiTypography-root"
      >
        How to read this screen
      </button>
    </div>
  </div>
</div>
`;
