// Jest Snapshot v1, https://goo.gl/fbAQLP

exports[`MapView renders as expected 1`] = `
<div>
  <div
    class="MuiBox-root MuiBox-root-3 makeStyles-root-1"
  >
    <mock-drawer
      anchor="left"
      open="true"
      paperprops="[object Object]"
      variant="persistent"
    >
      <div
        class="makeStyles-root-4 makeStyles-root-6"
      >
        <div
          class="makeStyles-tabsWrapper-5"
        >
          <div
            aria-labelledby="full-width-tab-layers"
            id="full-width-tabpanel-layers"
            role="tabpanel"
            style="display: block; flex-grow: 1; height: calc(94vh - 48px); order: -1; overflow-x: hidden;"
          >
            <div
              class="MuiBox-root MuiBox-root-7"
              style="width: 425px; display: flex; flex-direction: column; height: 100%;"
            >
              <div
                style="padding: 0.5rem;"
              >
                <div
                  class="MuiPaper-root MuiAccordion-root makeStyles-root-8 MuiAccordion-rounded MuiPaper-elevation0 MuiPaper-rounded"
                >
                  <div
                    aria-controls="Rainfall"
                    aria-disabled="false"
                    aria-expanded="false"
                    class="MuiButtonBase-root MuiAccordionSummary-root makeStyles-rootSummary-9"
                    id="Rainfall"
                    role="button"
                    tabindex="0"
                  >
                    <div
                      class="MuiAccordionSummary-content makeStyles-summaryContent-12"
                    >
                      <mock-typography
                        classes="[object Object]"
                      >
                        Rainfall
                      </mock-typography>
                    </div>
                    <div
                      aria-disabled="false"
                      aria-hidden="true"
                      class="MuiButtonBase-root MuiIconButton-root MuiAccordionSummary-expandIcon makeStyles-expandIcon-11 MuiIconButton-edgeEnd"
                    >
                      <span
                        class="MuiIconButton-label"
                      >
                        <svg
                          aria-hidden="true"
                          class="MuiSvgIcon-root"
                          focusable="false"
                          viewBox="0 0 24 24"
                        >
                          <path
                            d="M16.59 8.59L12 13.17 7.41 8.59 6 10l6 6 6-6z"
                          />
                        </svg>
                      </span>
                      <span
                        class="MuiTouchRipple-root"
                      />
                    </div>
                  </div>
                </div>
                <div
                  class="MuiPaper-root MuiAccordion-root makeStyles-root-8 MuiAccordion-rounded MuiPaper-elevation0 MuiPaper-rounded"
                >
                  <div
                    aria-controls="Vegetation"
                    aria-disabled="false"
                    aria-expanded="false"
                    class="MuiButtonBase-root MuiAccordionSummary-root makeStyles-rootSummary-9"
                    id="Vegetation"
                    role="button"
                    tabindex="0"
                  >
                    <div
                      class="MuiAccordionSummary-content makeStyles-summaryContent-12"
                    >
                      <mock-typography
                        classes="[object Object]"
                      >
                        Vegetation
                      </mock-typography>
                    </div>
                    <div
                      aria-disabled="false"
                      aria-hidden="true"
                      class="MuiButtonBase-root MuiIconButton-root MuiAccordionSummary-expandIcon makeStyles-expandIcon-11 MuiIconButton-edgeEnd"
                    >
                      <span
                        class="MuiIconButton-label"
                      >
                        <svg
                          aria-hidden="true"
                          class="MuiSvgIcon-root"
                          focusable="false"
                          viewBox="0 0 24 24"
                        >
                          <path
                            d="M16.59 8.59L12 13.17 7.41 8.59 6 10l6 6 6-6z"
                          />
                        </svg>
                      </span>
                      <span
                        class="MuiTouchRipple-root"
                      />
                    </div>
                  </div>
                </div>
                <div
                  class="MuiPaper-root MuiAccordion-root makeStyles-root-8 MuiAccordion-rounded MuiPaper-elevation0 MuiPaper-rounded"
                >
                  <div
                    aria-controls="Temperature"
                    aria-disabled="false"
                    aria-expanded="false"
                    class="MuiButtonBase-root MuiAccordionSummary-root makeStyles-rootSummary-9"
                    id="Temperature"
                    role="button"
                    tabindex="0"
                  >
                    <div
                      class="MuiAccordionSummary-content makeStyles-summaryContent-12"
                    >
                      <mock-typography
                        classes="[object Object]"
                      >
                        Temperature
                      </mock-typography>
                    </div>
                    <div
                      aria-disabled="false"
                      aria-hidden="true"
                      class="MuiButtonBase-root MuiIconButton-root MuiAccordionSummary-expandIcon makeStyles-expandIcon-11 MuiIconButton-edgeEnd"
                    >
                      <span
                        class="MuiIconButton-label"
                      >
                        <svg
                          aria-hidden="true"
                          class="MuiSvgIcon-root"
                          focusable="false"
                          viewBox="0 0 24 24"
                        >
                          <path
                            d="M16.59 8.59L12 13.17 7.41 8.59 6 10l6 6 6-6z"
                          />
                        </svg>
                      </span>
                      <span
                        class="MuiTouchRipple-root"
                      />
                    </div>
                  </div>
                </div>
                <div
                  class="MuiPaper-root MuiAccordion-root makeStyles-root-8 MuiAccordion-rounded MuiPaper-elevation0 MuiPaper-rounded"
                >
                  <div
                    aria-controls="Tropical Storms"
                    aria-disabled="false"
                    aria-expanded="false"
                    class="MuiButtonBase-root MuiAccordionSummary-root makeStyles-rootSummary-9"
                    id="Tropical Storms"
                    role="button"
                    tabindex="0"
                  >
                    <div
                      class="MuiAccordionSummary-content makeStyles-summaryContent-12"
                    >
                      <mock-typography
                        classes="[object Object]"
                      >
                        Tropical Storms
                      </mock-typography>
                    </div>
                    <div
                      aria-disabled="false"
                      aria-hidden="true"
                      class="MuiButtonBase-root MuiIconButton-root MuiAccordionSummary-expandIcon makeStyles-expandIcon-11 MuiIconButton-edgeEnd"
                    >
                      <span
                        class="MuiIconButton-label"
                      >
                        <svg
                          aria-hidden="true"
                          class="MuiSvgIcon-root"
                          focusable="false"
                          viewBox="0 0 24 24"
                        >
                          <path
                            d="M16.59 8.59L12 13.17 7.41 8.59 6 10l6 6 6-6z"
                          />
                        </svg>
                      </span>
                      <span
                        class="MuiTouchRipple-root"
                      />
                    </div>
                  </div>
                </div>
                <div
                  class="MuiPaper-root MuiAccordion-root makeStyles-root-8 MuiAccordion-rounded MuiPaper-elevation0 MuiPaper-rounded"
                >
                  <div
                    aria-controls="Vulnerability"
                    aria-disabled="false"
                    aria-expanded="false"
                    class="MuiButtonBase-root MuiAccordionSummary-root makeStyles-rootSummary-9"
                    id="Vulnerability"
                    role="button"
                    tabindex="0"
                  >
                    <div
                      class="MuiAccordionSummary-content makeStyles-summaryContent-12"
                    >
                      <mock-typography
                        classes="[object Object]"
                      >
                        Vulnerability
                      </mock-typography>
                    </div>
                    <div
                      aria-disabled="false"
                      aria-hidden="true"
                      class="MuiButtonBase-root MuiIconButton-root MuiAccordionSummary-expandIcon makeStyles-expandIcon-11 MuiIconButton-edgeEnd"
                    >
                      <span
                        class="MuiIconButton-label"
                      >
                        <svg
                          aria-hidden="true"
                          class="MuiSvgIcon-root"
                          focusable="false"
                          viewBox="0 0 24 24"
                        >
                          <path
                            d="M16.59 8.59L12 13.17 7.41 8.59 6 10l6 6 6-6z"
                          />
                        </svg>
                      </span>
                      <span
                        class="MuiTouchRipple-root"
                      />
                    </div>
                  </div>
                </div>
                <div
                  class="MuiPaper-root MuiAccordion-root makeStyles-root-8 MuiAccordion-rounded MuiPaper-elevation0 MuiPaper-rounded"
                >
                  <div
                    aria-controls="Exposure"
                    aria-disabled="false"
                    aria-expanded="false"
                    class="MuiButtonBase-root MuiAccordionSummary-root makeStyles-rootSummary-9"
                    id="Exposure"
                    role="button"
                    tabindex="0"
                  >
                    <div
                      class="MuiAccordionSummary-content makeStyles-summaryContent-12"
                    >
                      <mock-typography
                        classes="[object Object]"
                      >
                        Exposure
                      </mock-typography>
                    </div>
                    <div
                      aria-disabled="false"
                      aria-hidden="true"
                      class="MuiButtonBase-root MuiIconButton-root MuiAccordionSummary-expandIcon makeStyles-expandIcon-11 MuiIconButton-edgeEnd"
                    >
                      <span
                        class="MuiIconButton-label"
                      >
                        <svg
                          aria-hidden="true"
                          class="MuiSvgIcon-root"
                          focusable="false"
                          viewBox="0 0 24 24"
                        >
                          <path
                            d="M16.59 8.59L12 13.17 7.41 8.59 6 10l6 6 6-6z"
                          />
                        </svg>
                      </span>
                      <span
                        class="MuiTouchRipple-root"
                      />
                    </div>
                  </div>
                </div>
              </div>
              <div
                class="MuiBox-root MuiBox-root-16"
                style="flex-grow: 1;"
              />
              <a
                href="https://github.com/WFP-VAM/prism-app/tree/sample_hash"
                rel="noopener noreferrer"
                style="color: rgb(245, 247, 248); font-size: 0.7rem; left: 1rem;"
                target="_blank"
              >
                version hash: 
                sample_hash
              </a>
            </div>
          </div>
          <div
            aria-labelledby="full-width-tab-charts"
            id="full-width-tabpanel-charts"
            role="tabpanel"
            style="display: none; flex-grow: 1; height: calc(94vh - 48px); overflow-x: auto;"
          />
          <div
            aria-labelledby="full-width-tab-analysis"
            id="full-width-tabpanel-analysis"
            role="tabpanel"
            style="display: none; flex-grow: 1; height: calc(94vh - 48px); overflow-x: auto;"
          />
          <div
            aria-labelledby="full-width-tab-alerts"
            id="full-width-tabpanel-alerts"
            role="tabpanel"
            style="display: none; flex-grow: 1; height: calc(94vh - 48px); overflow-x: auto;"
          />
          <div
            aria-labelledby="full-width-tab-anticipatory_action"
            id="full-width-tabpanel-anticipatory_action"
            role="tabpanel"
            style="display: none; flex-grow: 1; height: calc(94vh - 48px); overflow-x: auto;"
          >
            <div
              class="makeStyles-anticipatoryActionPanel-55"
              style="width: 425px;"
            >
              <mock-dialog
                open="false"
              >
                <mock-dialogtitle>
                  <div
                    class="makeStyles-titleWrapper-64"
                  >
                    <mock-typography
                      variant="h2"
                    >
                      How to read this screen
                    </mock-typography>
                    <button
                      class="MuiButtonBase-root MuiIconButton-root"
                      style="padding: 0px;"
                      tabindex="0"
                      type="button"
                    >
                      <span
                        class="MuiIconButton-label"
                      >
                        <svg
                          aria-hidden="true"
                          class="MuiSvgIcon-root"
                          focusable="false"
                          viewBox="0 0 24 24"
                        >
                          <path
                            d="M12 2C6.47 2 2 6.47 2 12s4.47 10 10 10 10-4.47 10-10S17.53 2 12 2zm5 13.59L15.59 17 12 13.41 8.41 17 7 15.59 10.59 12 7 8.41 8.41 7 12 10.59 15.59 7 17 8.41 13.41 12 17 15.59z"
                          />
                        </svg>
                      </span>
                      <span
                        class="MuiTouchRipple-root"
                      />
                    </button>
                  </div>
                </mock-dialogtitle>
                <mock-dialogcontent
                  dividers="true"
                >
                  <div
                    class="makeStyles-contentWrapper-65"
                  >
                    <div
                      class="makeStyles-contentItem-66"
                    >
                      <mock-typography
                        style="font-weight: bold;"
                        variant="h3"
                      >
                        Window 1
                      </mock-typography>
                       
                      <mock-typography
                        variant="h3"
                      >
                        Start to mid of the rainfall season.
                      </mock-typography>
                       
                    </div>
                    <div
                      class="makeStyles-contentItem-66"
                    >
                      <mock-typography
                        style="font-weight: bold;"
                        variant="h3"
                      >
                        Window 2
                      </mock-typography>
                       
                      <mock-typography
                        variant="h3"
                      >
                        Mid to end of the rainfall season.
                      </mock-typography>
                       
                    </div>
                    <div
                      class="makeStyles-contentItem-66"
                    >
                      <mock-typography
                        style="font-weight: bold;"
                        variant="h3"
                      >
                        Mild category
                      </mock-typography>
                       
                      <mock-typography
                        variant="h3"
                      >
                        Drought events that typically occur once every 4 years.
                      </mock-typography>
                       
                    </div>
                    <div
                      class="makeStyles-contentItem-66"
                    >
                      <mock-typography
                        style="font-weight: bold;"
                        variant="h3"
                      >
                        Moderate category
                      </mock-typography>
                       
                      <mock-typography
                        variant="h3"
                      >
                        Drought events that typically occur once every 5 years.
                      </mock-typography>
                       
                    </div>
                    <div
                      class="makeStyles-contentItem-66"
                    >
                      <mock-typography
                        style="font-weight: bold;"
                        variant="h3"
                      >
                        Severe category
                      </mock-typography>
                       
                      <mock-typography
                        variant="h3"
                      >
                        Drought events that typically occur once every 7 years.
                      </mock-typography>
                       
                    </div>
                    <div
                      class="makeStyles-contentItem-66"
                    >
                      <mock-typography
                        style="font-weight: bold;"
                        variant="h3"
                      >
                        Ready, Set and Go phases
                      </mock-typography>
                       
                      <mock-typography
                        variant="h3"
                      >
                        The "Ready, Set & Go!" system uses seasonal forecasts with longer lead time for preparedness (Ready phase) and shorter lead times for activation and mobilization (Set & Go! phases).
                      </mock-typography>
                       
                    </div>
                  </div>
                </mock-dialogcontent>
                <mock-dialogactions
                  classname="makeStyles-dialogActionsWrapper-67"
                >
                  <mock-button
                    classname="makeStyles-dialogButton-68"
                    component="a"
                    href="mailto:anticipatory_action@wfp.org"
                    starticon="[object Object]"
                    target="_blank"
                    variant="outlined"
                  >
                    <mock-typography>
                      I STILL NEED HELP
                    </mock-typography>
                  </mock-button>
                  <mock-button
                    classname="makeStyles-dialogButton-68"
                    starticon="[object Object]"
                    variant="outlined"
                  >
                    <mock-typography>
                      Close
                    </mock-typography>
                  </mock-button>
                </mock-dialogactions>
              </mock-dialog>
              <div
                class="makeStyles-headerWrapper-56"
              >
                <div
                  class="makeStyles-titleSelectWrapper-63"
                >
                  <div
                    class="makeStyles-titleSelectWrapper-63"
                  >
                    <div
                      class="MuiInputBase-root MuiInput-root"
                    >
                      <div
                        aria-haspopup="listbox"
                        class="MuiSelect-root Component-root-69 MuiSelect-select MuiSelect-selectMenu MuiInputBase-input MuiInput-input"
                        role="button"
                        tabindex="0"
                      >
                        <mock-typography
                          variant="h2"
                        >
                          Summary
                           
                        </mock-typography>
                      </div>
                      <input
                        aria-hidden="true"
                        class="MuiSelect-nativeInput"
                        tabindex="-1"
                        value="empty"
                      />
                      <svg
                        aria-hidden="true"
                        class="MuiSvgIcon-root MuiSelect-icon"
                        focusable="false"
                        viewBox="0 0 24 24"
                      >
                        <path
                          d="M7 10l5 5 5-5z"
                        />
                      </svg>
                      <mock-menu
                        anchorel="[object HTMLDivElement]"
                        id="menu-"
                        menulistprops="[object Object]"
                        open="false"
                        paperprops="[object Object]"
                      >
                        <mock-menuitem
                          data-value=""
                          role="option"
                          selected="false"
                        >
                          Summary
                        </mock-menuitem>
                      </mock-menu>
                    </div>
                  </div>
                </div>
                <div>
                  <fieldset
                    class="MuiFormControl-root"
                  >
                    <div
                      class="MuiFormGroup-root makeStyles-radioButtonGroup-57"
                      role="radiogroup"
                    >
                      <label
                        class="MuiFormControlLabel-root Component-root-70"
                        style="background: rgb(241, 241, 241);"
                      >
                        <mock-radio
                          classes="[object Object]"
                          color="default"
                          disabled="false"
                          value="All"
                        />
                        <mock-typography
                          classname="MuiFormControlLabel-label"
                          component="span"
                        >
                          <span
                            style="margin-right: 1rem;"
                          >
                            All
                          </span>
                        </mock-typography>
                      </label>
                      <label
                        class="MuiFormControlLabel-root Component-root-70"
                      >
                        <mock-radio
                          classes="[object Object]"
                          color="default"
                          disabled="false"
                          value="Window 1"
                        />
                        <mock-typography
                          classname="MuiFormControlLabel-label"
                          component="span"
                        >
                          <span
                            style="margin-right: 1rem;"
                          >
                            <span
                              style="display: inline-block; width: 10px; height: 10px; background-color: rgb(192, 232, 255); margin-right: 0.5rem;"
                            />
                            Window 1
                          </span>
                        </mock-typography>
                      </label>
                      <label
                        class="MuiFormControlLabel-root Component-root-70"
                      >
                        <mock-radio
                          classes="[object Object]"
                          color="default"
                          disabled="false"
                          value="Window 2"
                        />
                        <mock-typography
                          classname="MuiFormControlLabel-label"
                          component="span"
                        >
                          <span
                            style="margin-right: 1rem;"
                          >
                            <span
                              style="display: inline-block; width: 10px; height: 10px; background-color: rgb(181, 248, 187); margin-right: 0.5rem;"
                            />
                            Window 2
                          </span>
                        </mock-typography>
                      </label>
                    </div>
                  </fieldset>
                </div>
                <div>
                  <label
                    class="MuiFormControlLabel-root Component-root-72 Mui-disabled"
                    id="Severe"
                    style="background: rgb(241, 241, 241);"
                  >
                    <mock-checkbox
                      checked="true"
                      classes="[object Object]"
                      color="default"
                      disabled="true"
                    />
                    <mock-typography
                      classname="MuiFormControlLabel-label Mui-disabled"
                      component="span"
                    >
                      <span
                        style="margin-right: 0.5rem;"
                      >
                        Severe
                      </span>
                    </mock-typography>
                  </label>
                  <label
                    class="MuiFormControlLabel-root Component-root-72 Mui-disabled"
                    id="Moderate"
                    style="background: rgb(241, 241, 241);"
                  >
                    <mock-checkbox
                      checked="true"
                      classes="[object Object]"
                      color="default"
                      disabled="true"
                    />
                    <mock-typography
                      classname="MuiFormControlLabel-label Mui-disabled"
                      component="span"
                    >
                      <span
                        style="margin-right: 0.5rem;"
                      >
                        Moderate
                      </span>
                    </mock-typography>
                  </label>
                  <label
                    class="MuiFormControlLabel-root Component-root-72"
                    id="Mild"
                    style="background: rgb(241, 241, 241);"
                  >
                    <mock-checkbox
                      checked="true"
                      classes="[object Object]"
                      color="default"
                      disabled="false"
                    />
                    <mock-typography
                      classname="MuiFormControlLabel-label"
                      component="span"
                    >
                      <span
                        style="margin-right: 0.5rem;"
                      >
                        Mild
                      </span>
                    </mock-typography>
                  </label>
                </div>
                <mock-typography>
                  Summary data as of 
                </mock-typography>
              </div>
              <div
                class="makeStyles-tableWrapper-74"
              >
                <div
                  class="makeStyles-rowWrapper-84"
                  style="height: 1.5rem;"
                >
                  <div
                    class="makeStyles-iconCol-85"
                  />
                  <div
                    style="width: calc(50% - 1.75rem);"
                  >
                    <mock-typography
                      classname="makeStyles-windowHeader-83"
                      variant="h4"
                    >
                      Window 1
                    </mock-typography>
                  </div>
                  <div
                    style="width: calc(50% - 1.75rem);"
                  >
                    <mock-typography
                      classname="makeStyles-windowHeader-83"
                      variant="h4"
                    >
                      Window 2
                    </mock-typography>
                  </div>
                </div>
                <div
                  class="makeStyles-rowWrapper-84"
                >
                  <div
                    class="makeStyles-iconCol-85"
                  >
                    <div
                      class="makeStyles-iconWrapper-89"
                      style="background: rgb(131, 31, 0);"
                    >
                      <div
                        class="makeStyles-centerContainer-90"
                        style="border: 1px solid white; color: white;"
                      >
                        <div
                          class="makeStyles-topTextContainer-91"
                          style="border-bottom: 1px solid white; background: rgb(131, 31, 0);"
                        >
                          S
                        </div>
                        <div
                          class="makeStyles-bottomTextContainer-92"
                          style="background: rgb(131, 31, 0);"
                        >
                          SEV
                        </div>
                      </div>
                    </div>
                  </div>
                  <div
                    style="width: calc(50% - 1.75rem);"
                  >
                    <div
                      class="makeStyles-windowBackground-86"
                    >
                      <div
                        class="makeStyles-tagWrapper-87"
                      >
                        <mock-typography
                          classname="makeStyles-emptyText-88"
                        >
                          (
                          no district
                          )
                        </mock-typography>
                      </div>
                    </div>
                  </div>
                  <div
                    style="width: calc(50% - 1.75rem);"
                  >
                    <div
                      class="makeStyles-windowBackground-86"
                    >
                      <div
                        class="makeStyles-tagWrapper-87"
                      >
                        <mock-typography
                          classname="makeStyles-emptyText-88"
                        >
                          (
                          no district
                          )
                        </mock-typography>
                      </div>
                    </div>
                  </div>
                </div>
                <div
                  class="makeStyles-rowWrapper-84"
                >
                  <div
                    class="makeStyles-iconCol-85"
                  >
                    <div
                      class="makeStyles-iconWrapper-89"
                      style="background: rgb(230, 55, 1);"
                    >
                      <div
                        class="makeStyles-centerContainer-90"
                        style="border: 1px solid white; color: white;"
                      >
                        <div
                          class="makeStyles-topTextContainer-91"
                          style="border-bottom: 1px solid white; background: rgb(230, 55, 1);"
                        >
                          R
                        </div>
                        <div
                          class="makeStyles-bottomTextContainer-92"
                          style="background: rgb(230, 55, 1);"
                        >
                          SEV
                        </div>
                      </div>
                    </div>
                  </div>
                  <div
                    style="width: calc(50% - 1.75rem);"
                  >
                    <div
                      class="makeStyles-windowBackground-86"
                    >
                      <div
                        class="makeStyles-tagWrapper-87"
                      >
                        <mock-typography
                          classname="makeStyles-emptyText-88"
                        >
                          (
                          no district
                          )
                        </mock-typography>
                      </div>
                    </div>
                  </div>
                  <div
                    style="width: calc(50% - 1.75rem);"
                  >
                    <div
                      class="makeStyles-windowBackground-86"
                    >
                      <div
                        class="makeStyles-tagWrapper-87"
                      >
                        <mock-typography
                          classname="makeStyles-emptyText-88"
                        >
                          (
                          no district
                          )
                        </mock-typography>
                      </div>
                    </div>
                  </div>
                </div>
                <div
                  class="makeStyles-rowWrapper-84"
                >
                  <div
                    class="makeStyles-iconCol-85"
                  >
                    <div
                      class="makeStyles-iconWrapper-89"
                      style="background: rgb(255, 137, 52);"
                    >
                      <div
                        class="makeStyles-centerContainer-90"
                        style="border: 1px solid black; color: black;"
                      >
                        <div
                          class="makeStyles-topTextContainer-91"
                          style="border-bottom: 1px solid black; background: rgb(255, 137, 52);"
                        >
                          S
                        </div>
                        <div
                          class="makeStyles-bottomTextContainer-92"
                          style="background: rgb(255, 137, 52);"
                        >
                          MOD
                        </div>
                      </div>
                    </div>
                  </div>
                  <div
                    style="width: calc(50% - 1.75rem);"
                  >
                    <div
                      class="makeStyles-windowBackground-86"
                    >
                      <div
                        class="makeStyles-tagWrapper-87"
                      >
                        <mock-typography
                          classname="makeStyles-emptyText-88"
                        >
                          (
                          no district
                          )
                        </mock-typography>
                      </div>
                    </div>
                  </div>
                  <div
                    style="width: calc(50% - 1.75rem);"
                  >
                    <div
                      class="makeStyles-windowBackground-86"
                    >
                      <div
                        class="makeStyles-tagWrapper-87"
                      >
                        <mock-typography
                          classname="makeStyles-emptyText-88"
                        >
                          (
                          no district
                          )
                        </mock-typography>
                      </div>
                    </div>
                  </div>
                </div>
                <div
                  class="makeStyles-rowWrapper-84"
                >
                  <div
                    class="makeStyles-iconCol-85"
                  >
                    <div
                      class="makeStyles-iconWrapper-89"
                      style="background: rgb(255, 213, 45);"
                    >
                      <div
                        class="makeStyles-centerContainer-90"
                        style="border: 1px solid black; color: black;"
                      >
                        <div
                          class="makeStyles-topTextContainer-91"
                          style="border-bottom: 1px solid black; background: rgb(255, 213, 45);"
                        >
                          R
                        </div>
                        <div
                          class="makeStyles-bottomTextContainer-92"
                          style="background: rgb(255, 213, 45);"
                        >
                          MOD
                        </div>
                      </div>
                    </div>
                  </div>
                  <div
                    style="width: calc(50% - 1.75rem);"
                  >
                    <div
                      class="makeStyles-windowBackground-86"
                    >
                      <div
                        class="makeStyles-tagWrapper-87"
                      >
                        <mock-typography
                          classname="makeStyles-emptyText-88"
                        >
                          (
                          no district
                          )
                        </mock-typography>
                      </div>
                    </div>
                  </div>
                  <div
                    style="width: calc(50% - 1.75rem);"
                  >
                    <div
                      class="makeStyles-windowBackground-86"
                    >
                      <div
                        class="makeStyles-tagWrapper-87"
                      >
                        <mock-typography
                          classname="makeStyles-emptyText-88"
                        >
                          (
                          no district
                          )
                        </mock-typography>
                      </div>
                    </div>
                  </div>
                </div>
                <div
                  class="makeStyles-rowWrapper-84"
                >
                  <div
                    class="makeStyles-iconCol-85"
                  >
                    <div
                      class="makeStyles-iconWrapper-89"
                      style="background: rgb(255, 245, 3);"
                    >
                      <div
                        class="makeStyles-centerContainer-90"
                        style="border: 1px solid black; color: black;"
                      >
                        <div
                          class="makeStyles-topTextContainer-91"
                          style="border-bottom: 1px solid black; background: rgb(255, 245, 3);"
                        >
                          S
                        </div>
                        <div
                          class="makeStyles-bottomTextContainer-92"
                          style="background: rgb(255, 245, 3);"
                        >
                          MIL
                        </div>
                      </div>
                    </div>
                  </div>
                  <div
                    style="width: calc(50% - 1.75rem);"
                  >
                    <div
                      class="makeStyles-windowBackground-86"
                    >
                      <div
                        class="makeStyles-tagWrapper-87"
                      >
                        <mock-typography
                          classname="makeStyles-emptyText-88"
                        >
                          (
                          no district
                          )
                        </mock-typography>
                      </div>
                    </div>
                  </div>
                  <div
                    style="width: calc(50% - 1.75rem);"
                  >
                    <div
                      class="makeStyles-windowBackground-86"
                    >
                      <div
                        class="makeStyles-tagWrapper-87"
                      >
                        <mock-typography
                          classname="makeStyles-emptyText-88"
                        >
                          (
                          no district
                          )
                        </mock-typography>
                      </div>
                    </div>
                  </div>
                </div>
                <div
                  class="makeStyles-rowWrapper-84"
                >
                  <div
                    class="makeStyles-iconCol-85"
                  >
                    <div
                      class="makeStyles-iconWrapper-89"
                      style="background: rgb(255, 252, 179);"
                    >
                      <div
                        class="makeStyles-centerContainer-90"
                        style="border: 1px solid black; color: black;"
                      >
                        <div
                          class="makeStyles-topTextContainer-91"
                          style="border-bottom: 1px solid black; background: rgb(255, 252, 179);"
                        >
                          R
                        </div>
                        <div
                          class="makeStyles-bottomTextContainer-92"
                          style="background: rgb(255, 252, 179);"
                        >
                          MIL
                        </div>
                      </div>
                    </div>
                  </div>
                  <div
                    style="width: calc(50% - 1.75rem);"
                  >
                    <div
                      class="makeStyles-windowBackground-86"
                    >
                      <div
                        class="makeStyles-tagWrapper-87"
                      >
                        <mock-typography
                          classname="makeStyles-emptyText-88"
                        >
                          (
                          no district
                          )
                        </mock-typography>
                      </div>
                    </div>
                  </div>
                  <div
                    style="width: calc(50% - 1.75rem);"
                  >
                    <div
                      class="makeStyles-windowBackground-86"
                    >
                      <div
                        class="makeStyles-tagWrapper-87"
                      >
                        <mock-typography
                          classname="makeStyles-emptyText-88"
                        >
                          (
                          no district
                          )
                        </mock-typography>
                      </div>
                    </div>
                  </div>
                </div>
                <div
                  class="makeStyles-rowWrapper-84"
                >
                  <div
                    class="makeStyles-iconCol-85"
                  >
                    <div
                      class="makeStyles-iconWrapper-89"
                      style="background: rgb(241, 241, 241);"
                    >
                      <div
                        class="makeStyles-centerContainer-90"
                        style="border: 1px solid black; color: black;"
                      >
                        <div
                          class="makeStyles-topTextContainer-91"
                          style="border-bottom: 1px solid black; background: rgb(241, 241, 241);"
                        >
                          na
                        </div>
                        <div
                          class="makeStyles-bottomTextContainer-92"
                          style="background: rgb(241, 241, 241);"
                        >
                          -
                        </div>
                      </div>
                    </div>
                  </div>
                  <div
                    style="width: calc(50% - 1.75rem);"
                  >
                    <div
                      class="makeStyles-windowBackground-86"
                    >
                      <div
                        class="makeStyles-tagWrapper-87"
                      >
                        <mock-typography
                          classname="makeStyles-emptyText-88"
                        >
                          (
                          no district
                          )
                        </mock-typography>
                      </div>
                    </div>
                  </div>
                  <div
                    style="width: calc(50% - 1.75rem);"
                  >
                    <div
                      class="makeStyles-windowBackground-86"
                    >
                      <div
                        class="makeStyles-tagWrapper-87"
                      >
                        <mock-typography
                          classname="makeStyles-emptyText-88"
                        >
                          (
                          no district
                          )
                        </mock-typography>
                      </div>
                    </div>
                  </div>
                </div>
                <div
                  class="makeStyles-rowWrapper-84"
                >
                  <div
                    class="makeStyles-iconCol-85"
                  >
                    <div
                      class="makeStyles-iconWrapper-89"
                    >
                      <div
                        class="makeStyles-centerContainer-90"
                        style="border: 1px solid black; color: black;"
                      >
                        <div
                          class="makeStyles-topTextContainer-91"
                          style="border-bottom: 1px solid black;"
                        >
                          ny
                        </div>
                        <div
                          class="makeStyles-bottomTextContainer-92"
                        >
                          -
                        </div>
                      </div>
                    </div>
                  </div>
                  <div
                    style="width: calc(50% - 1.75rem);"
                  >
                    <div
                      class="makeStyles-windowBackground-86"
                    >
                      <div
                        class="makeStyles-tagWrapper-87"
                      >
                        <mock-typography
                          classname="makeStyles-emptyText-88"
                        >
                          (
                          no district
                          )
                        </mock-typography>
                      </div>
                    </div>
                  </div>
                  <div
                    style="width: calc(50% - 1.75rem);"
                  >
                    <div
                      class="makeStyles-windowBackground-86"
                    >
                      <div
                        class="makeStyles-tagWrapper-87"
                      >
                        <mock-typography
                          classname="makeStyles-emptyText-88"
                        >
                          (
                          no district
                          )
                        </mock-typography>
                      </div>
                    </div>
                  </div>
                </div>
              </div>
              <div
                class="makeStyles-footerWrapper-75"
              >
                <div
                  class="makeStyles-footerActionsWrapper-76"
                >
                  <mock-button
                    classname="makeStyles-footerButton-78"
                    component="a"
                    download="undefined-aa_probabilities_triggers_moz.csv"
                    fullwidth="true"
                    href="https://data.earthobservation.vam.wfp.org/public-share/aa/staging/aa_probabilities_triggers_moz.csv?date=2024-12-01-00-00"
                    starticon="[object Object]"
                    variant="outlined"
                  >
                    <mock-typography>
                      Assets
                    </mock-typography>
                  </mock-button>
                  <mock-button
                    classname="makeStyles-footerButton-78"
                    fullwidth="true"
                    starticon="[object Object]"
                    variant="outlined"
                  >
                    <mock-typography>
                      Forecast
                    </mock-typography>
                  </mock-button>
                </div>
                <div
                  class="makeStyles-footerDialogsWrapper-77"
                >
                  <mock-typography
                    classname="makeStyles-footerDialog-79"
                    component="button"
                  >
                    How to read this screen
                  </mock-typography>
                </div>
              </div>
            </div>
          </div>
          <div
            aria-labelledby="full-width-tab-none"
            id="full-width-tabpanel-none"
            role="tabpanel"
            style="display: none; flex-grow: 1; height: calc(94vh - 48px); overflow-x: auto;"
          />
        </div>
      </div>
    </mock-drawer>
    <div
      class="MuiBox-root MuiBox-root-95 makeStyles-container-93"
    >
      <div
        class="MuiBox-root MuiBox-root-96 makeStyles-optionContainer-94"
      />
    </div>
    <div
      class="makeStyles-loading-2"
    >
      <mock-circularprogress
        size="100"
      />
    </div>
    <div
      style="position: relative; width: 100%; height: 100%;"
    />
  </div>
</div>
`;
