// Jest Snapshot v1, https://jestjs.io/docs/snapshot-testing

exports[`renders as expected 1`] = `
<div>
  <div
    class="MuiBox-root css-cgemuh"
  >
    <div
      class="MuiBox-root css-ra19wb"
    >
      <div
        class="MuiBox-root css-hj2ibs"
      >
        <div
          class="MuiBox-root css-xi606m"
        >
          <h4
            class="MuiTypography-root MuiTypography-h4 css-7yqz6i-MuiTypography-root"
          >
            Window 1
          </h4>
        </div>
        <div
          class="MuiBox-root css-3a3hw0"
        >
          <div
            class="MuiBox-root css-1h91iox"
          >
            <div
              class="MuiBox-root css-o2hcjj"
            >
              <p
                class="MuiTypography-root MuiTypography-body1 css-r4n4df-MuiTypography-root"
              >
                Aug
              </p>
            </div>
            <div
              class="MuiBox-root css-o2hcjj"
            >
              <p
                class="MuiTypography-root MuiTypography-body1 css-r4n4df-MuiTypography-root"
              >
                Sep
              </p>
            </div>
            <div
              class="MuiBox-root css-o2hcjj"
            >
              <p
                class="MuiTypography-root MuiTypography-body1 css-r4n4df-MuiTypography-root"
              >
                Oct
              </p>
            </div>
            <div
              class="MuiBox-root css-o2hcjj"
            >
              <p
                class="MuiTypography-root MuiTypography-body1 css-r4n4df-MuiTypography-root"
              >
                Nov
              </p>
            </div>
          </div>
          <div
            class="MuiBox-root css-3a3gur"
          >
            <div
              class="MuiBox-root css-bs9ciu"
            />
            <div
              class="MuiBox-root css-bs9ciu"
            >
              <div
                class="MuiBox-root css-uwwqev"
              >
                <div
                  class="MuiBox-root css-nqs5w4"
                  style="background: rgb(255, 213, 45);"
                >
                  <div
                    class="MuiBox-root css-fi9omk"
                    style="border: 1px solid black; color: black;"
                  >
                    <div
                      class="MuiBox-root css-1g5ndk4"
                      style="border-bottom: 1px solid black; background: rgb(255, 213, 45);"
                    >
                      R
                    </div>
                    <div
                      class="MuiBox-root css-1vqiaa9"
                      style="background: rgb(255, 213, 45);"
                    >
                      MOD
                    </div>
                  </div>
                </div>
              </div>
            </div>
            <div
              class="MuiBox-root css-bs9ciu"
            >
              <div
                class="MuiBox-root css-uwwqev"
              >
                <div
                  class="MuiBox-root css-nqs5w4"
                  style="background: rgb(255, 213, 45);"
                >
                  <div
                    class="MuiBox-root css-fi9omk"
                    style="border: 1px solid black; color: black;"
                  >
                    <div
                      class="MuiBox-root css-1g5ndk4"
                      style="border-bottom: 1px solid black; background: rgb(255, 213, 45);"
                    >
                      R
                    </div>
                    <div
                      class="MuiBox-root css-1vqiaa9"
                      style="background: rgb(255, 213, 45);"
                    >
                      MOD
                    </div>
                  </div>
                </div>
              </div>
            </div>
            <div
              class="MuiBox-root css-bs9ciu"
            >
              <div
                class="MuiBox-root css-uwwqev"
              >
                <div
                  class="MuiBox-root css-nqs5w4"
                  style="background: rgb(241, 241, 241);"
                >
                  <div
                    class="MuiBox-root css-fi9omk"
                    style="border: 1px solid black; color: black;"
                  >
                    <div
                      class="MuiBox-root css-1g5ndk4"
                      style="border-bottom: 1px solid black; background: rgb(241, 241, 241);"
                    >
                      na
                    </div>
                    <div
                      class="MuiBox-root css-1vqiaa9"
                      style="background: rgb(241, 241, 241);"
                    >
                      MOD
                    </div>
                  </div>
                </div>
              </div>
            </div>
          </div>
          <div
            class="MuiBox-root css-3a3gur"
          >
            <div
              class="MuiBox-root css-bs9ciu"
            >
              <div
                class="MuiBox-root css-uwwqev"
              >
                <div
                  class="MuiBox-root css-nqs5w4"
                  style="background: rgb(241, 241, 241);"
                >
                  <div
                    class="MuiBox-root css-fi9omk"
                    style="border: 1px solid black; color: black;"
                  >
                    <div
                      class="MuiBox-root css-1g5ndk4"
                      style="border-bottom: 1px solid black; background: rgb(241, 241, 241);"
                    >
                      na
                    </div>
                    <div
                      class="MuiBox-root css-1vqiaa9"
                      style="background: rgb(241, 241, 241);"
                    >
                      MIL
                    </div>
                  </div>
                </div>
              </div>
            </div>
            <div
              class="MuiBox-root css-bs9ciu"
            >
              <div
                class="MuiBox-root css-uwwqev"
              >
                <div
                  class="MuiBox-root css-nqs5w4"
                  style="background: rgb(241, 241, 241);"
                >
                  <div
                    class="MuiBox-root css-fi9omk"
                    style="border: 1px solid black; color: black;"
                  >
                    <div
                      class="MuiBox-root css-1g5ndk4"
                      style="border-bottom: 1px solid black; background: rgb(241, 241, 241);"
                    >
                      na
                    </div>
                    <div
                      class="MuiBox-root css-1vqiaa9"
                      style="background: rgb(241, 241, 241);"
                    >
                      MIL
                    </div>
                  </div>
                </div>
              </div>
            </div>
            <div
              class="MuiBox-root css-bs9ciu"
            >
              <div
                class="MuiBox-root css-uwwqev"
              >
                <div
                  class="MuiBox-root css-nqs5w4"
                  style="background: rgb(255, 252, 179);"
                >
                  <div
                    class="MuiBox-root css-fi9omk"
                    style="border: 1px solid black; color: black;"
                  >
                    <div
                      class="MuiBox-root css-1g5ndk4"
                      style="border-bottom: 1px solid black; background: rgb(255, 252, 179);"
                    >
                      R
                    </div>
                    <div
                      class="MuiBox-root css-1vqiaa9"
                      style="background: rgb(255, 252, 179);"
                    >
                      MIL
                    </div>
                  </div>
                </div>
              </div>
            </div>
            <div
              class="MuiBox-root css-bs9ciu"
            >
              <div
                class="MuiBox-root css-uwwqev"
              >
                <div
                  class="MuiBox-root css-nqs5w4"
                  style="background: rgb(255, 245, 3);"
                >
                  <div
                    class="MuiBox-root css-fi9omk"
                    style="border: 1px solid black; color: black;"
                  >
                    <div
                      class="MuiBox-root css-1g5ndk4"
                      style="border-bottom: 1px solid black; background: rgb(255, 245, 3);"
                    >
                      S
                    </div>
                    <div
                      class="MuiBox-root css-1vqiaa9"
                      style="background: rgb(255, 245, 3);"
                    >
                      MIL
                    </div>
                  </div>
                </div>
              </div>
            </div>
          </div>
        </div>
        <div
          class="MuiBox-root css-1xxo83h"
        >
          <div
            class="MuiBox-root css-xi606m"
          >
            <h3
              class="MuiTypography-root MuiTypography-h3 css-ae1vz0-MuiTypography-root"
            >
              ACTIONS
            </h3>
          </div>
          <div
            class="MuiBox-root css-1xhj18k"
          >
            <button
              class="MuiBox-root css-bwpf6v"
              id="2023-08-01"
              style="justify-content: center; cursor: pointer;"
              type="button"
            >
              <div
                aria-label="No anticipatory action linked to Mild levels"
                class=""
                data-mui-internal-clone-element="true"
              >
                <svg
                  aria-hidden="true"
                  class="MuiSvgIcon-root MuiSvgIcon-fontSizeMedium css-1umw9bq-MuiSvgIcon-root"
                  data-testid="RemoveIcon"
                  focusable="false"
                  style="font-size: 1rem; color: darkgrey;"
                  viewBox="0 0 24 24"
                >
                  <path
                    d="M19 13H5v-2h14z"
                  />
                </svg>
              </div>
            </button>
            <button
              class="MuiBox-root css-bwpf6v"
              id="2023-09-01"
              style="justify-content: center; cursor: pointer;"
              type="button"
            >
              <div
                aria-label="Launch tenders and other procurement procedures"
                class=""
                data-mui-internal-clone-element="true"
              >
                <svg
                  aria-hidden="true"
                  class="MuiSvgIcon-root MuiSvgIcon-fontSizeMedium css-1umw9bq-MuiSvgIcon-root"
                  data-testid="AccountTreeIcon"
                  focusable="false"
                  style="font-size: 1rem;"
                  viewBox="0 0 24 24"
                >
                  <path
                    d="M22 11V3h-7v3H9V3H2v8h7V8h2v10h4v3h7v-8h-7v3h-2V8h2v3z"
                  />
                </svg>
              </div>
            </button>
            <button
              class="MuiBox-root css-bwpf6v"
              id="2023-10-01"
              style="justify-content: center; cursor: pointer;"
              type="button"
            >
              <div
                aria-label="Launch tenders and other procurement procedures"
                class=""
                data-mui-internal-clone-element="true"
              >
                <svg
                  aria-hidden="true"
                  class="MuiSvgIcon-root MuiSvgIcon-fontSizeMedium css-1umw9bq-MuiSvgIcon-root"
                  data-testid="AccountTreeIcon"
                  focusable="false"
                  style="font-size: 1rem;"
                  viewBox="0 0 24 24"
                >
                  <path
                    d="M22 11V3h-7v3H9V3H2v8h7V8h2v10h4v3h7v-8h-7v3h-2V8h2v3z"
                  />
                </svg>
              </div>
            </button>
            <button
              class="MuiBox-root css-bwpf6v"
              id="2023-11-01"
              style="justify-content: center; cursor: pointer;"
              type="button"
            >
              <div
                aria-label="No anticipatory action linked to Mild levels"
                class=""
                data-mui-internal-clone-element="true"
              >
                <svg
                  aria-hidden="true"
                  class="MuiSvgIcon-root MuiSvgIcon-fontSizeMedium css-1umw9bq-MuiSvgIcon-root"
                  data-testid="RemoveIcon"
                  focusable="false"
                  style="font-size: 1rem; color: darkgrey;"
                  viewBox="0 0 24 24"
                >
                  <path
                    d="M19 13H5v-2h14z"
                  />
                </svg>
              </div>
            </button>
          </div>
        </div>
      </div>
    </div>
  </div>
  <div
    class="MuiBox-root css-j7qwjs"
  >
    <div
      class="MuiBox-root css-jekkxf"
    >
      <button
        class="MuiButtonBase-root MuiButton-root MuiButton-outlined MuiButton-sizeMedium MuiButton-colorPrimary MuiButton-fullWidth css-1jqm0xi-MuiButtonBase-root-MuiButton-root"
        tabindex="0"
        type="button"
      >
        <span
          class="MuiButton-icon MuiButton-startIcon css-1eozbo-MuiButton-startIcon"
        >
          <svg
            aria-hidden="true"
            class="MuiSvgIcon-root MuiSvgIcon-fontSizeMedium css-1umw9bq-MuiSvgIcon-root"
            data-testid="ClearAllIcon"
            focusable="false"
            viewBox="0 0 24 24"
          >
            <path
              d="M5 13h14v-2H5zm-2 4h14v-2H3zM7 7v2h14V7z"
            />
          </svg>
        </span>
        <p
          class="MuiTypography-root MuiTypography-body1 css-l0p3u8-MuiTypography-root"
        >
          Timeline
        </p>
      </button>
      <button
        class="MuiButtonBase-root MuiButton-root MuiButton-outlined MuiButton-sizeMedium MuiButton-colorPrimary MuiButton-fullWidth css-1jqm0xi-MuiButtonBase-root-MuiButton-root"
        tabindex="0"
        type="button"
      >
        <span
          class="MuiButton-icon MuiButton-startIcon css-1eozbo-MuiButton-startIcon"
        >
          <svg
            aria-hidden="true"
            class="MuiSvgIcon-root MuiSvgIcon-fontSizeMedium css-1umw9bq-MuiSvgIcon-root"
            data-testid="EqualizerIcon"
            focusable="false"
            viewBox="0 0 24 24"
          >
            <path
              d="M10 20h4V4h-4zm-6 0h4v-8H4zM16 9v11h4V9z"
            />
          </svg>
        </span>
        <p
          class="MuiTypography-root MuiTypography-body1 css-l0p3u8-MuiTypography-root"
        >
          Forecast
        </p>
      </button>
      <button
        class="MuiButtonBase-root MuiButton-root MuiButton-outlined MuiButton-sizeMedium MuiButton-colorPrimary MuiButton-fullWidth css-1jqm0xi-MuiButtonBase-root-MuiButton-root"
        tabindex="0"
        type="button"
      >
        <span
          class="MuiButton-icon MuiButton-startIcon css-1eozbo-MuiButton-startIcon"
        >
          <svg
            aria-hidden="true"
            class="MuiSvgIcon-root MuiSvgIcon-fontSizeMedium css-1umw9bq-MuiSvgIcon-root"
            data-testid="ReplyIcon"
            focusable="false"
            viewBox="0 0 24 24"
          >
            <path
              d="M10 9V5l-7 7 7 7v-4.1c5 0 8.5 1.6 11 5.1-1-5-4-10-11-11"
            />
          </svg>
        </span>
        <p
          class="MuiTypography-root MuiTypography-body1 css-l0p3u8-MuiTypography-root"
        >
          Summary
        </p>
      </button>
    </div>
    <div
      class="MuiBox-root css-ralmko"
    >
      <button
        class="MuiTypography-root MuiTypography-body1 css-1uj4td3-MuiTypography-root"
      >
        How to read this screen
      </button>
    </div>
  </div>
</div>
`;
