// Jest Snapshot v1, https://jestjs.io/docs/snapshot-testing

exports[`renders as expected 1`] = `
<div>
  <div
    class="MuiPaper-root MuiPaper-elevation MuiPaper-rounded MuiPaper-elevation0 MuiAccordion-root makeStyles-root-1 MuiAccordion-rounded MuiAccordion-gutters css-z8u0ml-MuiPaper-root-MuiAccordion-root"
    style="--Paper-shadow: none;"
  >
    <h3
      class="MuiAccordion-heading css-cy7rkm-MuiAccordion-heading"
    >
      <button
        aria-controls="Category 1"
        aria-expanded="false"
        class="MuiButtonBase-root MuiAccordionSummary-root makeStyles-rootSummary-2 MuiAccordionSummary-gutters css-pqdk18-MuiButtonBase-root-MuiAccordionSummary-root"
        id="level2-Category1"
        tabindex="0"
        type="button"
      >
        <span
          class="MuiAccordionSummary-content makeStyles-summaryContent-5 css-1rqjdob-MuiAccordionSummary-content"
        >
          <p
            class="MuiTypography-root makeStyles-title-7 MuiTypography-body1 css-l0p3u8-MuiTypography-root"
          >
            Category 1
          </p>
        </span>
        <span
          class="MuiAccordionSummary-expandIconWrapper makeStyles-expandIcon-4 css-1wnau0r-MuiAccordionSummary-expandIconWrapper"
        >
          <svg
            aria-hidden="true"
            class="MuiSvgIcon-root MuiSvgIcon-fontSizeMedium css-1umw9bq-MuiSvgIcon-root"
            data-testid="AddIcon"
            focusable="false"
            viewBox="0 0 24 24"
          >
            <path
              d="M19 13h-6v6h-2v-6H5v-2h6V5h2v6h6z"
            />
          </svg>
        </span>
      </button>
    </h3>
  </div>
</div>
`;
