// Jest Snapshot v1, https://goo.gl/fbAQLP

exports[`renders as expected 1`] = `
<div>
  <div
    class="makeStyles-container-1"
    style="z-index: 1300;"
  >
    <div
      class="MuiGrid-root makeStyles-datePickerContainer-3 MuiGrid-container MuiGrid-align-items-xs-center MuiGrid-justify-content-xs-center"
    >
      <div
        class="MuiGrid-root makeStyles-datePickerGrid-6 MuiGrid-item MuiGrid-grid-xs-12 MuiGrid-grid-sm-1"
      >
        <mock-button>
          <mock-chevronleft
            style="color: rgb(16, 16, 16);"
          />
        </mock-button>
        <div
          class="react-datepicker-wrapper"
        >
          <div
            class="react-datepicker__input-container"
          >
            <mock-button
              classname="makeStyles-buttonStyle-12"
              variant="outlined"
            >
              Mar 11, 2023
            </mock-button>
          </div>
        </div>
        <mock-button>
          <mock-chevronright
            style="color: rgb(16, 16, 16);"
          />
        </mock-button>
      </div>
      <div
        class="MuiGrid-root makeStyles-slider-7 MuiGrid-item MuiGrid-grid-xs-12 MuiGrid-grid-sm-true"
      >
        <mock-button
          classname="makeStyles-chevronDate-2"
          id="chevronLeftButton"
        >
          <mock-chevronleft />
        </mock-button>
        <div
          class="MuiGrid-root makeStyles-dateContainer-8"
        >
          <div
            class="makeStyles-timeline-10 react-draggable"
            id="dateTimelineSelector"
            style="transform: translate(-276px,0px);"
          >
            <div
              class="MuiGrid-root makeStyles-dateLabelContainer-9 MuiGrid-container"
            >
              mock-timelineitems
            </div>
            <div
              class="makeStyles-pointer-11 react-draggable"
              id="datePointerSelector"
              style="transform: translate(276px,0px);"
            >
              <img
                alt="Tick Svg"
                src="test-file-stub"
                style="pointer-events: none; margin-top: -29px;"
              />
            </div>
          </div>
        </div>
        <mock-button
          classname="makeStyles-chevronDate-2"
          id="chevronRightButton"
        >
          <mock-chevronright />
        </mock-button>
      </div>
    </div>
  </div>
</div>
`;
