// Jest Snapshot v1, https://jestjs.io/docs/snapshot-testing

exports[`renders as expected 1`] = `
<div>
  <div
    class="MuiBox-root css-0"
    style="display: flex; flex-direction: column; max-width: 100%;"
  >
    <div
      class="MuiBox-root css-0"
      style="display: flex; align-items: center;"
    >
      <span
        class="MuiSwitch-root MuiSwitch-sizeMedium makeStyles-switch-6 css-rehya9-MuiSwitch-root"
      >
        <span
          class="MuiButtonBase-root MuiSwitch-switchBase makeStyles-switchBase-9 MuiSwitch-colorPrimary PrivateSwitchBase-root MuiSwitch-switchBase makeStyles-switchBase-9 MuiSwitch-colorPrimary css-tznl3-MuiButtonBase-root-MuiSwitchBase-root-MuiSwitch-switchBase"
        >
          <input
            aria-label=""
            class="PrivateSwitchBase-input MuiSwitch-input css-12xagqm-MuiSwitchBase-root"
            role="switch"
            type="checkbox"
          />
          <span
            class="MuiSwitch-thumb css-1mw77bv-MuiSwitch-thumb"
          />
        </span>
        <span
          class="MuiSwitch-track makeStyles-switchTrack-7 css-pm6g3f-MuiSwitch-track"
        />
      </span>
      <span
        class="MuiTypography-root MuiTypography-body1 makeStyles-titleUnchecked-11 css-l0p3u8-MuiTypography-root"
        role="button"
        style="cursor: pointer;"
        tabindex="0"
      />
      <span
        aria-label="Opacity"
        class=""
        data-mui-internal-clone-element="true"
        style="margin-left: auto;"
      >
        <button
          class="MuiButtonBase-root Mui-disabled MuiIconButton-root makeStyles-opacityRoot-4 Mui-disabled MuiIconButton-sizeLarge css-1log9d8-MuiButtonBase-root-MuiIconButton-root"
          disabled=""
          tabindex="-1"
          type="button"
        >
          <svg
            aria-hidden="true"
            class="MuiSvgIcon-root MuiSvgIcon-fontSizeMedium css-1umw9bq-MuiSvgIcon-root"
            data-testid="OpacityIcon"
            focusable="false"
            viewBox="0 0 24 24"
          >
            <path
              d="M17.66 8 12 2.35 6.34 8C4.78 9.56 4 11.64 4 13.64s.78 4.11 2.34 5.67 3.61 2.35 5.66 2.35 4.1-.79 5.66-2.35S20 15.64 20 13.64 19.22 9.56 17.66 8M6 14c.01-2 .62-3.27 1.76-4.4L12 5.27l4.24 4.38C17.38 10.77 17.99 12 18 14z"
            />
          </svg>
        </button>
      </span>
    </div>
  </div>
</div>
`;
