// Jest Snapshot v1, https://goo.gl/fbAQLP

exports[`renders as expected 1`] = `
<div>
  <div
    class="MuiGrid-root MuiGrid-item"
  >
    <mock-button
      color="primary"
      variant="contained"
    >
      <mock-clouddownload
        fontsize="small"
      />
      <mock-hidden
        smdown="true"
      >
        <mock-typography
          classname="Download-label-1"
          variant="body2"
        >
          Export
        </mock-typography>
      </mock-hidden>
      <mock-arrowdropdown
        fontsize="small"
      />
    </mock-button>
    <mock-menu
      anchororigin="[object Object]"
      classes="[object Object]"
      elevation="0"
      id="export-menu"
      keepmounted="true"
      open="false"
      transformorigin="[object Object]"
    >
      <mock-menuitem
        classes="[object Object]"
      >
        <div
          class="MuiListItemIcon-root"
        >
          <mock-image
            fontsize="small"
            style="color: white;"
          />
        </div>
        <mock-listitemtext
          primary="IMAGE"
        />
      </mock-menuitem>
    </mock-menu>
    <mock-dialog
      aria-labelledby="dialog-preview"
      keepmounted="true"
      maxwidth="xl"
      open="false"
    >
      <mock-dialogtitle
        classname="Download-title-2"
        id="dialog-preview"
      >
        Map Preview
      </mock-dialogtitle>
      <mock-dialogcontent>
        <canvas />
      </mock-dialogcontent>
      <mock-dialogactions>
        <mock-button
          color="primary"
        >
          Cancel
        </mock-button>
        <mock-button
          color="primary"
          variant="contained"
        >
          Download PNG
        </mock-button>
        <mock-button
          color="primary"
          variant="contained"
        >
          Download JPEG
        </mock-button>
        <mock-button
          color="primary"
          variant="contained"
        >
          Download PDF
        </mock-button>
      </mock-dialogactions>
    </mock-dialog>
  </div>
</div>
`;
