// Jest Snapshot v1, https://goo.gl/fbAQLP

exports[`renders as expected 1`] = `
<div>
  <div
    class="MuiGrid-root MuiGrid-item"
  >
    <mock-button
      color="primary"
      variant="contained"
    >
      <mock-clouddownload
        fontsize="small"
      />
      <mock-hidden
        smdown="true"
      >
        <mock-typography
          classname="Download-label-1"
          variant="body2"
        >
          Export
        </mock-typography>
      </mock-hidden>
      <mock-arrowdropdown
        fontsize="small"
      />
    </mock-button>
    <mock-menu
      anchororigin="[object Object]"
      classes="[object Object]"
      elevation="0"
      id="export-menu"
      keepmounted="true"
      open="false"
      transformorigin="[object Object]"
    >
      <mock-tooltip
        placement="left"
        title="Reports can only be generated for Tropical Storms or Floods, in hazards menu"
      >
        <span
          style="display: flex;"
        >
          <mock-menuitem
            classes="[object Object]"
            disabled="true"
          >
            <div
              class="MuiListItemIcon-root"
            >
              <svg
                aria-hidden="true"
                class="MuiSvgIcon-root MuiSvgIcon-fontSizeSmall"
                color="white"
                focusable="false"
                viewBox="0 0 24 24"
              >
                <path
                  d="M14 2H6c-1.1 0-1.99.9-1.99 2L4 20c0 1.1.89 2 1.99 2H18c1.1 0 2-.9 2-2V8l-6-6zm2 16H8v-2h8v2zm0-4H8v-2h8v2zm-3-5V3.5L18.5 9H13z"
                />
              </svg>
            </div>
            <mock-listitemtext
              primary="REPORT"
            />
          </mock-menuitem>
        </span>
      </mock-tooltip>
      <mock-menuitem
        classes="[object Object]"
      >
        <div
          class="MuiListItemIcon-root"
        >
          <mock-image
            fontsize="small"
            htmlcolor="white"
          />
        </div>
        <mock-listitemtext
          primary="IMAGE"
        />
      </mock-menuitem>
    </mock-menu>
    <mock-dialog
      aria-labelledby="dialog-preview"
      keepmounted="true"
      maxwidth="xl"
      open="false"
    >
      <mock-dialogtitle
        classname="Download-title-2"
        id="dialog-preview"
      >
        Map Preview
      </mock-dialogtitle>
      <mock-dialogcontent>
        <canvas />
      </mock-dialogcontent>
      <mock-dialogactions>
        <mock-button
          color="primary"
        >
          Cancel
        </mock-button>
        <mock-button
          color="primary"
          variant="contained"
        >
          Download PNG
        </mock-button>
        <mock-button
          color="primary"
          variant="contained"
        >
          Download JPEG
        </mock-button>
        <mock-button
          color="primary"
          variant="contained"
        >
          Download PDF
        </mock-button>
      </mock-dialogactions>
    </mock-dialog>
    <mock-dialog
      keepmounted="true"
      maxwidth="false"
      open="false"
    >
      <mock-dialogtitle
        classname="Report-titleRoot-5"
      >
        <div
          class="Report-title-6"
        >
          <button
            class="MuiButtonBase-root MuiIconButton-root Report-titleIconButton-8"
            tabindex="0"
            type="button"
          >
            <span
              class="MuiIconButton-label"
            >
              <svg
                aria-hidden="true"
                class="MuiSvgIcon-root"
                focusable="false"
                viewBox="0 0 24 24"
              >
                <path
                  d="M20 11H7.83l5.59-5.59L12 4l-8 8 8 8 1.41-1.41L7.83 13H20v-2z"
                />
              </svg>
            </span>
            <span
              class="MuiTouchRipple-root"
            />
          </button>
          <span
            class="Report-titleText-7"
          >
            Flood Report
          </span>
        </div>
      </mock-dialogtitle>
      <mock-dialogcontent
        style="height: 90vh;"
      >
        <div
          style="width: 100%; height: 100%;"
        />
      </mock-dialogcontent>
      <mock-dialogactions
        classname="Report-actions-9"
      >
        <span
          class="Report-signature-11"
        >
          P R I S M automated report
        </span>
        <mock-button
          classname="Report-actionButton-10"
          variant="outlined"
        />
      </mock-dialogactions>
    </mock-dialog>
  </div>
</div>
`;
