// Jest Snapshot v1, https://jestjs.io/docs/snapshot-testing

exports[`renders as expected 1`] = `
<div>
  <div
    class="MuiBox-root css-1645awd"
  >
    <div
      class="MuiGrid-root MuiGrid-container MuiGrid-direction-xs-row MuiGrid-spacing-xs-3 css-10hs8dy-MuiGrid-root"
    >
      <div
        class="MuiGrid-root MuiGrid-direction-xs-row css-17fpwt7-MuiGrid-root"
      >
        <h3
          class="MuiTypography-root MuiTypography-h3 MuiTypography-gutterBottom css-15afoz4-MuiTypography-root"
        >
          404 Page Not Found
        </h3>
        <h5
          class="MuiTypography-root MuiTypography-h5 MuiTypography-gutterBottom css-1tq9onv-MuiTypography-root"
        >
          Sorry, it seems we ran into a problem. We already collected information about this error.
        </h5>
        <p
          class="MuiTypography-root MuiTypography-body1 MuiTypography-gutterBottom css-982e7i-MuiTypography-root"
        >
          If you have typed the address of this web page, you may have misspelled it or if you redirected to this page, it may be moved to another location. Please go back to the website home page and try to find your page from the website navigation.
        </p>
      </div>
      <div
        class="MuiGrid-root MuiGrid-direction-xs-row css-17fpwt7-MuiGrid-root"
      >
        <a
          href="/"
        >
          <button
            class="MuiButtonBase-root MuiButton-root MuiButton-contained MuiButton-sizeMedium MuiButton-colorPrimary css-1wwmw43-MuiButtonBase-root-MuiButton-root"
            tabindex="0"
            type="button"
          >
            Back To Home
          </button>
        </a>
      </div>
      <div
        class="MuiGrid-root MuiGrid-direction-xs-row css-17fpwt7-MuiGrid-root"
      >
        <img
          alt="World Food Programme logo"
          class="MuiBox-root css-x2s52o"
          src="test-file-stub"
        />
      </div>
    </div>
  </div>
</div>
`;
