// Jest Snapshot v1, https://goo.gl/fbAQLP

exports[`MapExportLayout renders with default/minimal props 1`] = `
<div>
  <div
    class="makeStyles-previewContainer-9"
  >
    <div
      style="width: 100%; height: 100%;"
    >
      <div
        style="position: relative; z-index: 3; border: 1px solid black; height: 100%; width: 100%;"
      >
        <div
          class="makeStyles-printContainer-3"
        >
          <img
            alt="northArrow"
            src="test-file-stub"
            style="position: absolute; z-index: 3; width: 50px; bottom: 60px; right: 10px;"
          />
          <div
            style="position: absolute; z-index: 2; top: 36px; left: 8px; display: flex; justify-content: flex-start; width: 20px; transform: scale(1);"
          >
            <div
              data-testid="legend-items"
            >
              mock-LegendItemsList
            </div>
          </div>
          <div
            class="makeStyles-mapContainer-4"
          >
            <div
              data-testid="map-gl"
            />
          </div>
        </div>
      </div>
    </div>
  </div>
</div>
`;
