// Jest Snapshot v1, https://goo.gl/fbAQLP

exports[`renders as expected 1`] = `
<div>
  <div
    class="MuiGrid-root MapView-container-1 MuiGrid-item"
  >
    <div
      class="MapView-loading-3"
    >
      <mock-circularprogress
        size="100"
      />
    </div>
    <div
      style="height: 100%;"
    />
    <div
      class="MuiGrid-root MapView-buttonContainer-2 MuiGrid-container MuiGrid-justify-xs-space-between"
    >
      <div
        class="MuiGrid-root MuiGrid-item"
      >
        <mock-analyser />
        <div
          class="AlertForm-alertForm-5"
        >
          <mock-button
            color="primary"
            variant="contained"
          >
            <svg
              aria-hidden="true"
              class="MuiSvgIcon-root MuiSvgIcon-fontSizeSmall"
              focusable="false"
              viewBox="0 0 24 24"
            >
              <path
                d="M12 22c1.1 0 2-.9 2-2h-4c0 1.1.89 2 2 2zm6-6v-5c0-3.07-1.64-5.64-4.5-6.32V4c0-.83-.67-1.5-1.5-1.5s-1.5.67-1.5 1.5v.68C7.63 5.36 6 7.92 6 11v5l-2 2v1h16v-1l-2-2z"
              />
            </svg>
            <mock-typography
              classname="AlertForm-alertLabel-4"
              variant="body2"
            >
              Create Alert
            </mock-typography>
            <mock-arrowdropdown
              fontsize="small"
            />
          </mock-button>
          <div
            class="MuiBox-root MuiBox-root-14 AlertForm-alertFormMenu-6"
          />
        </div>
      </div>
      <div
        class="MuiGrid-root MuiGrid-item"
      >
        <div
          class="MuiGrid-root MuiGrid-container MuiGrid-spacing-xs-1"
        >
          <mock-download />
          <mock-legends
            layers="[object Object]"
          />
        </div>
      </div>
    </div>
  </div>
</div>
`;
