// Jest Snapshot v1, https://goo.gl/fbAQLP

exports[`renders as expected 1`] = `
<div>
  <mock-appbar
    classname="makeStyles-appBar-2"
    position="static"
  >
    <mock-toolbar
      variant="dense"
    >
      <div
        class="makeStyles-navbarContainer-10"
      >
        <div
          class="makeStyles-leftSideContainer-11"
        >
          <div
            class="makeStyles-titleContainer-12"
          >
            <img
              alt="logo"
              class="makeStyles-logo-1"
              src="/images/moz-flag-inam-logo.png"
            />
            <div
              class="MuiBox-root MuiBox-root-15"
              style="display: flex; flex-direction: column;"
            >
              <mock-typography
                classname="makeStyles-title-4"
                color="secondary"
                variant="h6"
              >
                PRISM
              </mock-typography>
            </div>
          </div>
          <div
            class="makeStyles-panelsContainer-13"
          >
            <button
              class="MuiButtonBase-root MuiIconButton-root"
              style="background-color: rgb(99, 178, 189); color: rgb(16, 16, 16);"
              tabindex="0"
              type="button"
            >
              <span
                class="MuiIconButton-label"
              >
                <svg
                  aria-hidden="true"
                  class="MuiSvgIcon-root"
                  focusable="false"
                  viewBox="0 0 24 24"
                >
                  <path
                    d="M11.99 18.54l-7.37-5.73L3 14.07l9 7 9-7-1.63-1.27zM12 16l7.36-5.73L21 9l-9-7-9 7 1.63 1.27L12 16zm0-11.47L17.74 9 12 13.47 6.26 9 12 4.53z"
                  />
                </svg>
              </span>
              <span
                class="MuiTouchRipple-root"
              />
            </button>
            <button
              class="MuiButtonBase-root MuiIconButton-root"
              style="color: white;"
              tabindex="0"
              type="button"
            >
              <span
                class="MuiIconButton-label"
              >
                <svg
                  aria-hidden="true"
                  class="MuiSvgIcon-root"
                  focusable="false"
                  viewBox="0 0 24 24"
                >
                  <path
                    d="M5 9.2h3V19H5V9.2zM10.6 5h2.8v14h-2.8V5zm5.6 8H19v6h-2.8v-6z"
                  />
                </svg>
              </span>
              <span
                class="MuiTouchRipple-root"
              />
            </button>
            <button
              class="MuiButtonBase-root MuiIconButton-root"
              style="color: white;"
              tabindex="0"
              type="button"
            >
              <span
                class="MuiIconButton-label"
              >
                <svg
                  aria-hidden="true"
                  class="MuiSvgIcon-root"
                  focusable="false"
                  viewBox="0 0 24 24"
                >
                  <path
                    d="M16 10h-2v2h2v-2zm0 4h-2v2h2v-2zm-8-4H6v2h2v-2zm4 0h-2v2h2v-2zm8-6H4c-1.1 0-2 .9-2 2v12c0 1.1.9 2 2 2h16c1.1 0 2-.9 2-2V6c0-1.1-.9-2-2-2zm0 14H4V6h16v12z"
                  />
                </svg>
              </span>
              <span
                class="MuiTouchRipple-root"
              />
            </button>
            <button
              class="MuiButtonBase-root MuiIconButton-root"
              style="color: white;"
              tabindex="0"
              type="button"
            >
              <span
                class="MuiIconButton-label"
              >
                <svg
                  aria-hidden="true"
                  class="MuiSvgIcon-root"
                  focusable="false"
                  viewBox="0 0 24 24"
                >
                  <path
                    d="M15.07 1.01h-6v2h6v-2zm-4 13h2v-6h-2v6zm8.03-6.62l1.42-1.42c-.43-.51-.9-.99-1.41-1.41l-1.42 1.42C16.14 4.74 14.19 4 12.07 4c-4.97 0-9 4.03-9 9s4.02 9 9 9 9-4.03 9-9c0-2.11-.74-4.06-1.97-5.61zm-7.03 12.62c-3.87 0-7-3.13-7-7s3.13-7 7-7 7 3.13 7 7-3.13 7-7 7z"
                  />
                </svg>
              </span>
              <span
                class="MuiTouchRipple-root"
              />
            </button>
            <mock-menu
              open="false"
            >
              <mock-menuitem
                selected="false"
              >
                A. Action Drought
              </mock-menuitem>
              <mock-menuitem
                selected="false"
              >
                A. Action Storm
              </mock-menuitem>
              <mock-menuitem
                selected="false"
              >
                A. Action Flood
              </mock-menuitem>
            </mock-menu>
            <mock-button
              starticon="[object Object]"
            >
              <mock-typography
                style="color: rgb(255, 255, 255); text-transform: none;"
              >
                Go To
              </mock-typography>
            </mock-button>
            <button
              class="MuiButtonBase-root MuiIconButton-root"
              style="color: white;"
              tabindex="0"
              type="button"
            >
              <span
                class="MuiIconButton-label"
              >
                <svg
                  aria-hidden="true"
                  class="MuiSvgIcon-root"
                  focusable="false"
                  viewBox="0 0 24 24"
                >
                  <path
                    d="M12 2C8.13 2 5 5.13 5 9c0 5.25 7 13 7 13s7-7.75 7-13c0-3.87-3.13-7-7-7zM7 9c0-2.76 2.24-5 5-5s5 2.24 5 5c0 2.88-2.88 7.19-5 9.88C9.92 16.21 7 11.85 7 9z"
                  />
                  <circle
                    cx="12"
                    cy="9"
                    r="2.5"
                  />
                </svg>
              </span>
              <span
                class="MuiTouchRipple-root"
              />
            </button>
            <mock-menu
              keepmounted="true"
              open="false"
            />
          </div>
        </div>
        <div
          class="makeStyles-rightSideContainer-14"
        >
          <mock-button
            classname="makeStyles-triggerButton-23"
            starticon="[object Object]"
            style="background-color: rgb(99, 178, 189);"
          >
            <mock-typography
              style="color: rgb(16, 16, 16); text-transform: none;"
            >
              Legend
            </mock-typography>
          </mock-button>
          <button
            class="MuiButtonBase-root MuiIconButton-root"
            style="background-color: rgb(99, 178, 189);"
            tabindex="0"
            type="button"
          >
            <span
              class="MuiIconButton-label"
            >
              <svg
                aria-hidden="true"
                class="MuiSvgIcon-root makeStyles-icon-25"
                focusable="false"
                style="color: rgb(16, 16, 16);"
                viewBox="0 0 24 24"
              >
                <path
                  d="M12 6c3.79 0 7.17 2.13 8.82 5.5-.59 1.22-1.42 2.27-2.41 3.12l1.41 1.41c1.39-1.23 2.49-2.77 3.18-4.53C21.27 7.11 17 4 12 4c-1.27 0-2.49.2-3.64.57l1.65 1.65C10.66 6.09 11.32 6 12 6zm-1.07 1.14L13 9.21c.57.25 1.03.71 1.28 1.28l2.07 2.07c.08-.34.14-.7.14-1.07C16.5 9.01 14.48 7 12 7c-.37 0-.72.05-1.07.14zM2.01 3.87l2.68 2.68C3.06 7.83 1.77 9.53 1 11.5 2.73 15.89 7 19 12 19c1.52 0 2.98-.29 4.32-.82l3.42 3.42 1.41-1.41L3.42 2.45 2.01 3.87zm7.5 7.5l2.61 2.61c-.04.01-.08.02-.12.02-1.38 0-2.5-1.12-2.5-2.5 0-.05.01-.08.01-.13zm-3.4-3.4l1.75 1.75c-.23.55-.36 1.15-.36 1.78 0 2.48 2.02 4.5 4.5 4.5.63 0 1.23-.13 1.77-.36l.98.98c-.88.24-1.8.38-2.75.38-3.79 0-7.17-2.13-8.82-5.5.7-1.43 1.72-2.61 2.93-3.53z"
                />
              </svg>
            </span>
            <span
              class="MuiTouchRipple-root"
            />
          </button>
          <mock-list
            classname="makeStyles-list-24"
            disablepadding="true"
          />
          <mock-printimage />
          <a
            aria-disabled="false"
            class="MuiButtonBase-root MuiIconButton-root"
            href="https://github.com/wfp-VAM/prism-app"
            style="color: white;"
            tabindex="0"
            target="_blank"
          >
            <span
              class="MuiIconButton-label"
            >
              <svg
                aria-hidden="true"
                class="MuiSvgIcon-root"
                focusable="false"
                style="font-size: 1.5rem;"
                viewBox="0 0 24 24"
              >
                <path
                  d="M12 .3a12 12 0 0 0-3.8 23.4c.6.1.8-.3.8-.6v-2c-3.3.7-4-1.6-4-1.6-.6-1.4-1.4-1.8-1.4-1.8-1-.7.1-.7.1-.7 1.2 0 1.9 1.2 1.9 1.2 1 1.8 2.8 1.3 3.5 1 0-.8.4-1.3.7-1.6-2.7-.3-5.5-1.3-5.5-6 0-1.2.5-2.3 1.3-3.1-.2-.4-.6-1.6 0-3.2 0 0 1-.3 3.4 1.2a11.5 11.5 0 0 1 6 0c2.3-1.5 3.3-1.2 3.3-1.2.6 1.6.2 2.8 0 3.2.9.8 1.3 1.9 1.3 3.2 0 4.6-2.8 5.6-5.5 5.9.5.4.9 1 .9 2.2v3.3c0 .3.1.7.8.6A12 12 0 0 0 12 .3"
                />
              </svg>
            </span>
            <span
              class="MuiTouchRipple-root"
            />
          </a>
          <mock-button
            component="a"
            href="https://innovation.wfp.org/project/prism"
            starticon="[object Object]"
            style="font-size: 1.25rem;"
            target="_blank"
          >
            <mock-typography
              color="secondary"
              style="text-transform: none;"
            >
              About
            </mock-typography>
          </mock-button>
          <mock-button
            aria-label="language-select-dropdown-button"
            endicon="[object Object]"
            style="padding-left: 0px;"
          >
            <mock-typography
              color="secondary"
              style="text-transform: none;"
            >
              en
            </mock-typography>
          </mock-button>
          <mock-menu
            classname="makeStyles-block-26"
            open="false"
          >
            <mock-menuitem
              aria-label="language-select-dropdown-menu-item-en"
            >
              <mock-typography>
                en
              </mock-typography>
            </mock-menuitem>
            <mock-menuitem
              aria-label="language-select-dropdown-menu-item-pt"
            >
              <mock-typography>
                pt
              </mock-typography>
            </mock-menuitem>
          </mock-menu>
        </div>
      </div>
    </mock-toolbar>
  </mock-appbar>
</div>
`;
