// Jest Snapshot v1, https://jestjs.io/docs/snapshot-testing

exports[`renders as expected 1`] = `
<div>
  <button
    class="MuiButtonBase-root MuiButton-root MuiButton-outlined MuiButton-sizeMedium MuiButton-colorPrimary css-1grkf2k-MuiButtonBase-root-MuiButton-root"
    tabindex="0"
    type="button"
  >
    Some Value
  </button>
</div>
`;
