// Jest Snapshot v1, https://jestjs.io/docs/snapshot-testing

exports[`renders as expected 1`] = `
<div>
  <button
    style="margin: 0px; box-sizing: border-box; align-self: center; height: auto; min-height: unset; white-space: nowrap; color: rgb(16, 16, 16); font-weight: bold; border: 1px solid rgba(0, 0, 0, 0.23); border-radius: 4px; padding: 8px 16px; font-size: 0.875rem; line-height: 1.75; text-transform: none; background-color: rgb(255, 255, 255); cursor: pointer; pointer-events: auto;"
    type="button"
  >
    <span
      style="pointer-events: none;"
    >
      Some Value
    </span>
  </button>
</div>
`;
